    Finished `release` profile [optimized] target(s) in 0.56s
     Running unittests src/main.rs (/Volumes/外接硬盘/rcam/.tools/target/release/deps/editor_app-28d64cd81918fbdc)

running 5 tests
test display_tests::native_metal_drag_preview ... S2-A.3 GPU AdapterInfo { name: "Apple M1", vendor: 0, device: 0, device_type: IntegratedGpu, driver: "", driver_info: "", backend: Metal }
display_rebuild=1 document=doc-1 revision=0 ppm=20 blocked=None
PASS s2a3/gui_primitives.gbr 899 Metal/semantic coverage probes
display_rebuild=1 document=doc-1 revision=0 ppm=20 blocked=None
PASS s1a/standard_hole_over_line.gbr 899 Metal/semantic coverage probes
display_rebuild=1 document=doc-1 revision=0 ppm=20 blocked=None
PASS s1a/macro_hole_over_line.gbr 899 Metal/semantic coverage probes
display_rebuild=1 document=doc-1 revision=0 ppm=20 blocked=None
PASS s1a/ordered_local_hole.gbr 899 Metal/semantic coverage probes
display_rebuild=1 document=doc-1 revision=0 ppm=20 blocked=None
PASS s1a/macro_rotated_circle.gbr 899 Metal/semantic coverage probes
display_rebuild=1 document=doc-1 revision=0 ppm=20 blocked=None
PASS s1a/macro_rotated_rectangle.gbr 899 Metal/semantic coverage probes
display_rebuild=1 document=doc-1 revision=0 ppm=20 blocked=None
PASS s1a/region_cutin.gbr 899 Metal/semantic coverage probes
display_rebuild=1 document=doc-1 revision=0 ppm=20 blocked=None
PASS s1a/nested_region_union.gbr 899 Metal/semantic coverage probes
display_rebuild=1 document=doc-1 revision=0 ppm=20 blocked=None
PASS s0c/rectangular_draw.gbr 899 Metal/semantic coverage probes
display_rebuild=1 document=doc-1 revision=0 ppm=20 blocked=None
PASS s1a1/g75_exact.gbr 899 Metal/semantic coverage probes
display_rebuild=1 document=doc-1 revision=0 ppm=20 blocked=None
PASS s1a1/g75_small_deviation.gbr 899 Metal/semantic coverage probes
display_rebuild=1 document=doc-1 revision=0 ppm=20 blocked=None
PASS s1a1/g75_full.gbr 899 Metal/semantic coverage probes
display_rebuild=1 document=doc-1 revision=0 ppm=20 blocked=None
PASS s1a1/g74_zero.gbr 899 Metal/semantic coverage probes
display_rebuild=1 document=doc-1 revision=0 ppm=20 blocked=None
PASS s1a1/g75_region_deviation_safe.gbr 899 Metal/semantic coverage probes
ok
test display_tests::native_metal_multi_drag_preview ... S2-A.3 GPU AdapterInfo { name: "Apple M1", vendor: 0, device: 0, device_type: IntegratedGpu, driver: "", driver_info: "", backend: Metal }
display_rebuild=1 document=doc-1 revision=0 ppm=20 blocked=None
PASS s2a3/gui_primitives.gbr 899 Metal/semantic coverage probes
display_rebuild=1 document=doc-1 revision=0 ppm=20 blocked=None
PASS s1a/standard_hole_over_line.gbr 899 Metal/semantic coverage probes
display_rebuild=1 document=doc-1 revision=0 ppm=20 blocked=None
PASS s1a/macro_hole_over_line.gbr 899 Metal/semantic coverage probes
display_rebuild=1 document=doc-1 revision=0 ppm=20 blocked=None
PASS s1a/ordered_local_hole.gbr 899 Metal/semantic coverage probes
display_rebuild=1 document=doc-1 revision=0 ppm=20 blocked=None
PASS s1a/macro_rotated_circle.gbr 899 Metal/semantic coverage probes
display_rebuild=1 document=doc-1 revision=0 ppm=20 blocked=None
PASS s1a/macro_rotated_rectangle.gbr 899 Metal/semantic coverage probes
display_rebuild=1 document=doc-1 revision=0 ppm=20 blocked=None
PASS s1a/region_cutin.gbr 899 Metal/semantic coverage probes
display_rebuild=1 document=doc-1 revision=0 ppm=20 blocked=None
PASS s1a/nested_region_union.gbr 899 Metal/semantic coverage probes
display_rebuild=1 document=doc-1 revision=0 ppm=20 blocked=None
PASS s0c/rectangular_draw.gbr 899 Metal/semantic coverage probes
display_rebuild=1 document=doc-1 revision=0 ppm=20 blocked=None
PASS s1a1/g75_exact.gbr 899 Metal/semantic coverage probes
display_rebuild=1 document=doc-1 revision=0 ppm=20 blocked=None
PASS s1a1/g75_small_deviation.gbr 899 Metal/semantic coverage probes
display_rebuild=1 document=doc-1 revision=0 ppm=20 blocked=None
PASS s1a1/g75_full.gbr 899 Metal/semantic coverage probes
display_rebuild=1 document=doc-1 revision=0 ppm=20 blocked=None
PASS s1a1/g74_zero.gbr 899 Metal/semantic coverage probes
display_rebuild=1 document=doc-1 revision=0 ppm=20 blocked=None
PASS s1a1/g75_region_deviation_safe.gbr 899 Metal/semantic coverage probes
ok
test display_tests::native_metal_p1k_offscreen_timing ... P1K offscreen adapter AdapterInfo { name: "Apple M1", vendor: 0, device: 0, device_type: IntegratedGpu, driver: "", driver_info: "", backend: Metal }
display_rebuild=1 document=doc-1 revision=0 ppm=20 blocked=None
P1K_RAW round=0 frame=1 cpu_prepare_ms=2.059042 cpu_plus_gpu_fence_ms=33.007250
P1K_RAW round=0 frame=2 cpu_prepare_ms=0.289083 cpu_plus_gpu_fence_ms=25.541875
P1K_RAW round=0 frame=3 cpu_prepare_ms=0.257750 cpu_plus_gpu_fence_ms=27.121583
P1K_RAW round=0 frame=4 cpu_prepare_ms=0.358667 cpu_plus_gpu_fence_ms=27.867667
P1K_RAW round=0 frame=5 cpu_prepare_ms=0.342292 cpu_plus_gpu_fence_ms=29.114833
P1K_RAW round=0 frame=6 cpu_prepare_ms=0.282292 cpu_plus_gpu_fence_ms=28.653292
P1K_RAW round=0 frame=7 cpu_prepare_ms=0.250291 cpu_plus_gpu_fence_ms=26.152958
P1K_RAW round=0 frame=8 cpu_prepare_ms=0.221875 cpu_plus_gpu_fence_ms=27.201625
P1K_RAW round=0 frame=9 cpu_prepare_ms=0.247333 cpu_plus_gpu_fence_ms=26.706708
P1K_RAW round=0 frame=10 cpu_prepare_ms=0.249334 cpu_plus_gpu_fence_ms=33.008542
P1K_RAW round=0 frame=11 cpu_prepare_ms=0.379375 cpu_plus_gpu_fence_ms=26.836083
P1K_RAW round=0 frame=12 cpu_prepare_ms=0.323042 cpu_plus_gpu_fence_ms=26.933959
P1K_RAW round=0 frame=13 cpu_prepare_ms=0.309667 cpu_plus_gpu_fence_ms=27.150792
P1K_RAW round=0 frame=14 cpu_prepare_ms=0.257792 cpu_plus_gpu_fence_ms=30.758208
P1K_RAW round=0 frame=15 cpu_prepare_ms=0.251125 cpu_plus_gpu_fence_ms=28.763166
P1K_RAW round=0 frame=16 cpu_prepare_ms=0.242541 cpu_plus_gpu_fence_ms=32.011125
P1K_RAW round=0 frame=17 cpu_prepare_ms=0.256917 cpu_plus_gpu_fence_ms=39.527625
P1K_RAW round=0 frame=18 cpu_prepare_ms=0.269875 cpu_plus_gpu_fence_ms=29.573667
P1K_RAW round=0 frame=19 cpu_prepare_ms=0.240792 cpu_plus_gpu_fence_ms=27.123667
P1K_RAW round=0 frame=20 cpu_prepare_ms=0.214333 cpu_plus_gpu_fence_ms=23.449792
P1K_RAW round=0 frame=21 cpu_prepare_ms=0.767958 cpu_plus_gpu_fence_ms=28.485167
P1K_RAW round=0 frame=22 cpu_prepare_ms=0.625166 cpu_plus_gpu_fence_ms=29.810875
P1K_RAW round=0 frame=23 cpu_prepare_ms=1.119375 cpu_plus_gpu_fence_ms=28.118083
P1K_RAW round=0 frame=24 cpu_prepare_ms=0.978833 cpu_plus_gpu_fence_ms=32.365208
P1K_RAW round=0 frame=25 cpu_prepare_ms=0.218250 cpu_plus_gpu_fence_ms=27.611041
P1K_RAW round=0 frame=26 cpu_prepare_ms=0.733083 cpu_plus_gpu_fence_ms=25.732791
P1K_RAW round=0 frame=27 cpu_prepare_ms=0.778667 cpu_plus_gpu_fence_ms=26.127750
P1K_RAW round=0 frame=28 cpu_prepare_ms=1.150125 cpu_plus_gpu_fence_ms=26.639000
P1K_RAW round=0 frame=29 cpu_prepare_ms=0.664250 cpu_plus_gpu_fence_ms=34.720500
P1K_RAW round=0 frame=30 cpu_prepare_ms=0.574250 cpu_plus_gpu_fence_ms=27.109959
P1K_RAW round=0 frame=31 cpu_prepare_ms=0.830000 cpu_plus_gpu_fence_ms=28.609042
P1K_RAW round=0 frame=32 cpu_prepare_ms=0.663583 cpu_plus_gpu_fence_ms=34.657833
P1K_RAW round=0 frame=33 cpu_prepare_ms=0.300000 cpu_plus_gpu_fence_ms=33.164959
P1K_RAW round=0 frame=34 cpu_prepare_ms=1.223417 cpu_plus_gpu_fence_ms=26.845625
P1K_RAW round=0 frame=35 cpu_prepare_ms=0.633333 cpu_plus_gpu_fence_ms=28.443916
P1K_RAW round=0 frame=36 cpu_prepare_ms=1.151250 cpu_plus_gpu_fence_ms=33.305125
P1K_RAW round=0 frame=37 cpu_prepare_ms=0.891000 cpu_plus_gpu_fence_ms=27.968375
P1K_RAW round=0 frame=38 cpu_prepare_ms=1.878167 cpu_plus_gpu_fence_ms=38.626209
P1K_RAW round=0 frame=39 cpu_prepare_ms=2.108208 cpu_plus_gpu_fence_ms=27.163500
P1K_RAW round=0 frame=40 cpu_prepare_ms=0.713875 cpu_plus_gpu_fence_ms=32.405167
P1K_RAW round=0 frame=41 cpu_prepare_ms=0.850875 cpu_plus_gpu_fence_ms=33.911625
P1K_RAW round=0 frame=42 cpu_prepare_ms=1.458625 cpu_plus_gpu_fence_ms=27.338542
P1K_RAW round=0 frame=43 cpu_prepare_ms=1.733833 cpu_plus_gpu_fence_ms=28.193833
P1K_RAW round=0 frame=44 cpu_prepare_ms=0.926625 cpu_plus_gpu_fence_ms=26.865583
P1K_RAW round=0 frame=45 cpu_prepare_ms=1.006208 cpu_plus_gpu_fence_ms=28.329333
P1K_RAW round=0 frame=46 cpu_prepare_ms=0.864375 cpu_plus_gpu_fence_ms=37.916125
P1K_RAW round=0 frame=47 cpu_prepare_ms=0.679959 cpu_plus_gpu_fence_ms=29.360459
P1K_RAW round=0 frame=48 cpu_prepare_ms=1.755917 cpu_plus_gpu_fence_ms=38.434542
P1K_RAW round=0 frame=49 cpu_prepare_ms=0.226667 cpu_plus_gpu_fence_ms=25.263792
P1K_RAW round=0 frame=50 cpu_prepare_ms=0.726416 cpu_plus_gpu_fence_ms=31.255875
P1K_RAW round=0 frame=51 cpu_prepare_ms=0.700625 cpu_plus_gpu_fence_ms=46.085000
P1K_RAW round=0 frame=52 cpu_prepare_ms=1.317875 cpu_plus_gpu_fence_ms=27.297000
P1K_RAW round=0 frame=53 cpu_prepare_ms=0.730667 cpu_plus_gpu_fence_ms=25.352792
P1K_RAW round=0 frame=54 cpu_prepare_ms=1.489792 cpu_plus_gpu_fence_ms=25.081208
P1K_RAW round=0 frame=55 cpu_prepare_ms=0.620208 cpu_plus_gpu_fence_ms=32.311417
P1K_RAW round=0 frame=56 cpu_prepare_ms=0.897375 cpu_plus_gpu_fence_ms=36.112708
P1K_RAW round=0 frame=57 cpu_prepare_ms=0.244417 cpu_plus_gpu_fence_ms=28.018334
P1K_RAW round=0 frame=58 cpu_prepare_ms=0.714292 cpu_plus_gpu_fence_ms=29.769500
P1K_RAW round=0 frame=59 cpu_prepare_ms=0.717209 cpu_plus_gpu_fence_ms=37.537042
P1K_RAW round=0 frame=60 cpu_prepare_ms=0.915334 cpu_plus_gpu_fence_ms=27.461834
P1K_RAW round=0 frame=61 cpu_prepare_ms=1.572291 cpu_plus_gpu_fence_ms=29.852208
P1K_RAW round=0 frame=62 cpu_prepare_ms=0.946916 cpu_plus_gpu_fence_ms=31.281458
P1K_RAW round=0 frame=63 cpu_prepare_ms=0.942666 cpu_plus_gpu_fence_ms=31.370750
P1K_RAW round=0 frame=64 cpu_prepare_ms=0.743541 cpu_plus_gpu_fence_ms=25.604666
P1K_RAW round=0 frame=65 cpu_prepare_ms=0.680250 cpu_plus_gpu_fence_ms=29.812417
P1K_RAW round=0 frame=66 cpu_prepare_ms=0.618291 cpu_plus_gpu_fence_ms=33.831250
P1K_RAW round=0 frame=67 cpu_prepare_ms=0.778500 cpu_plus_gpu_fence_ms=25.695208
P1K_RAW round=0 frame=68 cpu_prepare_ms=1.458334 cpu_plus_gpu_fence_ms=34.503917
P1K_RAW round=0 frame=69 cpu_prepare_ms=0.849042 cpu_plus_gpu_fence_ms=27.086000
P1K_RAW round=0 frame=70 cpu_prepare_ms=0.899917 cpu_plus_gpu_fence_ms=30.039750
P1K_RAW round=0 frame=71 cpu_prepare_ms=1.013291 cpu_plus_gpu_fence_ms=34.197875
P1K_RAW round=0 frame=72 cpu_prepare_ms=0.708250 cpu_plus_gpu_fence_ms=39.613292
P1K_RAW round=0 frame=73 cpu_prepare_ms=0.269917 cpu_plus_gpu_fence_ms=25.621667
P1K_RAW round=0 frame=74 cpu_prepare_ms=0.261625 cpu_plus_gpu_fence_ms=24.964000
P1K_RAW round=0 frame=75 cpu_prepare_ms=0.210875 cpu_plus_gpu_fence_ms=26.077041
P1K_RAW round=0 frame=76 cpu_prepare_ms=0.268166 cpu_plus_gpu_fence_ms=27.974250
P1K_RAW round=0 frame=77 cpu_prepare_ms=2.873667 cpu_plus_gpu_fence_ms=26.313667
P1K_RAW round=0 frame=78 cpu_prepare_ms=0.720625 cpu_plus_gpu_fence_ms=27.506709
P1K_RAW round=0 frame=79 cpu_prepare_ms=0.685458 cpu_plus_gpu_fence_ms=27.859708
P1K_RAW round=0 frame=80 cpu_prepare_ms=0.885375 cpu_plus_gpu_fence_ms=36.394250
P1K_RAW round=0 frame=81 cpu_prepare_ms=0.764167 cpu_plus_gpu_fence_ms=24.958583
P1K_RAW round=0 frame=82 cpu_prepare_ms=0.602917 cpu_plus_gpu_fence_ms=27.157375
P1K_RAW round=0 frame=83 cpu_prepare_ms=1.739000 cpu_plus_gpu_fence_ms=31.419083
P1K_RAW round=0 frame=84 cpu_prepare_ms=0.788459 cpu_plus_gpu_fence_ms=28.069375
P1K_RAW round=0 frame=85 cpu_prepare_ms=0.665750 cpu_plus_gpu_fence_ms=28.385625
P1K_RAW round=0 frame=86 cpu_prepare_ms=0.853166 cpu_plus_gpu_fence_ms=25.900333
P1K_RAW round=0 frame=87 cpu_prepare_ms=1.032875 cpu_plus_gpu_fence_ms=28.008709
P1K_RAW round=0 frame=88 cpu_prepare_ms=0.750208 cpu_plus_gpu_fence_ms=28.815083
P1K_RAW round=0 frame=89 cpu_prepare_ms=1.031958 cpu_plus_gpu_fence_ms=28.769917
P1K_RAW round=0 frame=90 cpu_prepare_ms=0.640792 cpu_plus_gpu_fence_ms=40.151375
P1K_RAW round=0 frame=91 cpu_prepare_ms=0.253708 cpu_plus_gpu_fence_ms=25.797625
P1K_RAW round=0 frame=92 cpu_prepare_ms=0.792417 cpu_plus_gpu_fence_ms=29.175000
P1K_RAW round=0 frame=93 cpu_prepare_ms=1.011875 cpu_plus_gpu_fence_ms=30.966209
P1K_RAW round=0 frame=94 cpu_prepare_ms=1.297042 cpu_plus_gpu_fence_ms=27.666750
P1K_RAW round=0 frame=95 cpu_prepare_ms=0.838917 cpu_plus_gpu_fence_ms=31.571209
P1K_RAW round=0 frame=96 cpu_prepare_ms=1.234542 cpu_plus_gpu_fence_ms=27.452708
P1K_RAW round=0 frame=97 cpu_prepare_ms=1.100125 cpu_plus_gpu_fence_ms=36.399250
P1K_RAW round=0 frame=98 cpu_prepare_ms=1.420250 cpu_plus_gpu_fence_ms=27.829042
P1K_RAW round=0 frame=99 cpu_prepare_ms=0.690500 cpu_plus_gpu_fence_ms=27.906417
P1K_RAW round=0 frame=100 cpu_prepare_ms=0.613417 cpu_plus_gpu_fence_ms=42.688042
P1K_RAW round=0 frame=101 cpu_prepare_ms=0.664250 cpu_plus_gpu_fence_ms=25.654917
P1K_RAW round=0 frame=102 cpu_prepare_ms=0.880125 cpu_plus_gpu_fence_ms=27.319875
P1K_RAW round=0 frame=103 cpu_prepare_ms=0.912334 cpu_plus_gpu_fence_ms=26.619292
P1K_RAW round=0 frame=104 cpu_prepare_ms=0.589375 cpu_plus_gpu_fence_ms=28.442625
P1K_RAW round=0 frame=105 cpu_prepare_ms=0.666459 cpu_plus_gpu_fence_ms=28.893667
P1K_RAW round=0 frame=106 cpu_prepare_ms=0.581375 cpu_plus_gpu_fence_ms=28.395917
P1K_RAW round=0 frame=107 cpu_prepare_ms=0.692375 cpu_plus_gpu_fence_ms=30.100792
P1K_RAW round=0 frame=108 cpu_prepare_ms=1.148125 cpu_plus_gpu_fence_ms=32.873875
P1K_RAW round=0 frame=109 cpu_prepare_ms=0.672458 cpu_plus_gpu_fence_ms=30.983250
P1K_RAW round=0 frame=110 cpu_prepare_ms=1.291167 cpu_plus_gpu_fence_ms=35.043542
P1K_RAW round=0 frame=111 cpu_prepare_ms=0.622708 cpu_plus_gpu_fence_ms=25.152416
P1K_RAW round=0 frame=112 cpu_prepare_ms=0.942917 cpu_plus_gpu_fence_ms=35.982542
P1K_RAW round=0 frame=113 cpu_prepare_ms=0.679458 cpu_plus_gpu_fence_ms=24.665250
P1K_RAW round=0 frame=114 cpu_prepare_ms=6.497166 cpu_plus_gpu_fence_ms=33.888791
P1K_RAW round=0 frame=115 cpu_prepare_ms=0.362875 cpu_plus_gpu_fence_ms=34.553959
P1K_RAW round=0 frame=116 cpu_prepare_ms=0.682000 cpu_plus_gpu_fence_ms=30.667000
P1K_RAW round=0 frame=117 cpu_prepare_ms=2.922083 cpu_plus_gpu_fence_ms=29.306292
P1K_RAW round=0 frame=118 cpu_prepare_ms=0.849833 cpu_plus_gpu_fence_ms=34.814250
P1K_RAW round=0 frame=119 cpu_prepare_ms=0.656834 cpu_plus_gpu_fence_ms=35.759750
P1K_RAW round=0 frame=120 cpu_prepare_ms=0.823709 cpu_plus_gpu_fence_ms=32.346209
P1K_RAW round=0 frame=121 cpu_prepare_ms=0.299333 cpu_plus_gpu_fence_ms=43.459208
P1K_RAW round=0 frame=122 cpu_prepare_ms=0.252917 cpu_plus_gpu_fence_ms=24.858083
P1K_RAW round=0 frame=123 cpu_prepare_ms=0.874167 cpu_plus_gpu_fence_ms=47.398833
P1K_RAW round=0 frame=124 cpu_prepare_ms=0.400333 cpu_plus_gpu_fence_ms=28.341542
P1K_RAW round=0 frame=125 cpu_prepare_ms=0.985500 cpu_plus_gpu_fence_ms=40.257875
P1K_RAW round=0 frame=126 cpu_prepare_ms=1.122291 cpu_plus_gpu_fence_ms=37.113166
P1K_RAW round=0 frame=127 cpu_prepare_ms=0.221333 cpu_plus_gpu_fence_ms=30.740833
P1K_RAW round=0 frame=128 cpu_prepare_ms=1.079708 cpu_plus_gpu_fence_ms=30.957875
P1K_RAW round=0 frame=129 cpu_prepare_ms=0.257834 cpu_plus_gpu_fence_ms=22.365500
P1K_RAW round=0 frame=130 cpu_prepare_ms=1.124084 cpu_plus_gpu_fence_ms=43.772625
P1K_RAW round=0 frame=131 cpu_prepare_ms=3.622042 cpu_plus_gpu_fence_ms=36.093042
P1K_RAW round=0 frame=132 cpu_prepare_ms=0.472459 cpu_plus_gpu_fence_ms=23.931625
P1K_RAW round=0 frame=133 cpu_prepare_ms=1.054375 cpu_plus_gpu_fence_ms=29.377042
P1K_RAW round=0 frame=134 cpu_prepare_ms=1.669416 cpu_plus_gpu_fence_ms=43.699125
P1K_RAW round=0 frame=135 cpu_prepare_ms=0.266500 cpu_plus_gpu_fence_ms=23.700667
P1K_RAW round=0 frame=136 cpu_prepare_ms=1.382625 cpu_plus_gpu_fence_ms=41.271125
P1K_RAW round=0 frame=137 cpu_prepare_ms=2.423250 cpu_plus_gpu_fence_ms=29.853625
P1K_RAW round=0 frame=138 cpu_prepare_ms=0.278834 cpu_plus_gpu_fence_ms=42.675292
P1K_RAW round=0 frame=139 cpu_prepare_ms=0.926542 cpu_plus_gpu_fence_ms=33.627125
P1K_RAW round=0 frame=140 cpu_prepare_ms=0.720458 cpu_plus_gpu_fence_ms=27.812791
P1K_RAW round=0 frame=141 cpu_prepare_ms=0.670333 cpu_plus_gpu_fence_ms=30.112125
P1K_RAW round=0 frame=142 cpu_prepare_ms=1.219125 cpu_plus_gpu_fence_ms=31.861041
P1K_RAW round=0 frame=143 cpu_prepare_ms=0.907667 cpu_plus_gpu_fence_ms=32.241375
P1K_RAW round=0 frame=144 cpu_prepare_ms=0.862542 cpu_plus_gpu_fence_ms=26.969834
P1K_RAW round=0 frame=145 cpu_prepare_ms=0.756167 cpu_plus_gpu_fence_ms=32.097709
P1K_RAW round=0 frame=146 cpu_prepare_ms=0.750334 cpu_plus_gpu_fence_ms=33.235459
P1K_RAW round=0 frame=147 cpu_prepare_ms=2.101792 cpu_plus_gpu_fence_ms=29.152958
P1K_RAW round=0 frame=148 cpu_prepare_ms=0.232041 cpu_plus_gpu_fence_ms=26.505291
P1K_RAW round=0 frame=149 cpu_prepare_ms=1.822292 cpu_plus_gpu_fence_ms=31.190083
P1K_RAW round=0 frame=150 cpu_prepare_ms=0.761250 cpu_plus_gpu_fence_ms=25.930375
P1K_RAW round=0 frame=151 cpu_prepare_ms=0.963500 cpu_plus_gpu_fence_ms=34.384916
P1K_RAW round=0 frame=152 cpu_prepare_ms=0.971459 cpu_plus_gpu_fence_ms=32.977667
P1K_RAW round=0 frame=153 cpu_prepare_ms=1.684875 cpu_plus_gpu_fence_ms=25.467583
P1K_RAW round=0 frame=154 cpu_prepare_ms=1.158292 cpu_plus_gpu_fence_ms=29.146750
P1K_RAW round=0 frame=155 cpu_prepare_ms=1.087209 cpu_plus_gpu_fence_ms=27.129125
P1K_RAW round=0 frame=156 cpu_prepare_ms=2.010125 cpu_plus_gpu_fence_ms=31.610667
P1K_RAW round=0 frame=157 cpu_prepare_ms=1.648084 cpu_plus_gpu_fence_ms=30.583042
P1K_RAW round=0 frame=158 cpu_prepare_ms=0.214792 cpu_plus_gpu_fence_ms=23.418042
P1K_RAW round=0 frame=159 cpu_prepare_ms=0.712833 cpu_plus_gpu_fence_ms=32.427333
P1K_RAW round=0 frame=160 cpu_prepare_ms=0.418875 cpu_plus_gpu_fence_ms=31.410083
P1K_RAW round=0 frame=161 cpu_prepare_ms=0.998042 cpu_plus_gpu_fence_ms=28.546708
P1K_RAW round=0 frame=162 cpu_prepare_ms=1.248000 cpu_plus_gpu_fence_ms=33.790667
P1K_RAW round=0 frame=163 cpu_prepare_ms=0.286416 cpu_plus_gpu_fence_ms=33.998625
P1K_RAW round=0 frame=164 cpu_prepare_ms=0.644292 cpu_plus_gpu_fence_ms=25.298584
P1K_RAW round=0 frame=165 cpu_prepare_ms=0.750500 cpu_plus_gpu_fence_ms=31.358291
P1K_RAW round=0 frame=166 cpu_prepare_ms=1.191250 cpu_plus_gpu_fence_ms=34.052166
P1K_RAW round=0 frame=167 cpu_prepare_ms=2.342250 cpu_plus_gpu_fence_ms=25.116375
P1K_RAW round=0 frame=168 cpu_prepare_ms=0.801250 cpu_plus_gpu_fence_ms=30.862625
P1K_RAW round=0 frame=169 cpu_prepare_ms=0.223625 cpu_plus_gpu_fence_ms=28.356041
P1K_RAW round=0 frame=170 cpu_prepare_ms=0.965459 cpu_plus_gpu_fence_ms=27.806917
P1K_RAW round=0 frame=171 cpu_prepare_ms=0.790791 cpu_plus_gpu_fence_ms=40.589250
P1K_RAW round=0 frame=172 cpu_prepare_ms=0.327000 cpu_plus_gpu_fence_ms=29.693042
P1K_RAW round=0 frame=173 cpu_prepare_ms=0.224416 cpu_plus_gpu_fence_ms=27.345333
P1K_RAW round=0 frame=174 cpu_prepare_ms=0.289458 cpu_plus_gpu_fence_ms=27.621875
P1K_RAW round=0 frame=175 cpu_prepare_ms=0.237333 cpu_plus_gpu_fence_ms=23.311458
P1K_RAW round=0 frame=176 cpu_prepare_ms=0.621666 cpu_plus_gpu_fence_ms=24.768541
P1K_RAW round=0 frame=177 cpu_prepare_ms=0.285667 cpu_plus_gpu_fence_ms=28.367458
P1K_RAW round=0 frame=178 cpu_prepare_ms=0.267458 cpu_plus_gpu_fence_ms=26.398083
P1K_RAW round=0 frame=179 cpu_prepare_ms=0.313958 cpu_plus_gpu_fence_ms=26.316500
P1K_RAW round=0 frame=180 cpu_prepare_ms=0.273500 cpu_plus_gpu_fence_ms=25.785750
P1K_RAW round=0 frame=181 cpu_prepare_ms=0.225416 cpu_plus_gpu_fence_ms=25.290833
P1K_RAW round=0 frame=182 cpu_prepare_ms=0.279750 cpu_plus_gpu_fence_ms=44.408167
P1K_RAW round=0 frame=183 cpu_prepare_ms=0.235709 cpu_plus_gpu_fence_ms=28.350500
P1K_RAW round=0 frame=184 cpu_prepare_ms=0.265708 cpu_plus_gpu_fence_ms=28.711541
P1K_RAW round=0 frame=185 cpu_prepare_ms=0.209708 cpu_plus_gpu_fence_ms=25.668375
P1K_RAW round=0 frame=186 cpu_prepare_ms=0.237708 cpu_plus_gpu_fence_ms=31.038208
P1K_RAW round=0 frame=187 cpu_prepare_ms=0.875958 cpu_plus_gpu_fence_ms=30.142416
P1K_RAW round=0 frame=188 cpu_prepare_ms=0.326875 cpu_plus_gpu_fence_ms=31.159291
P1K_RAW round=0 frame=189 cpu_prepare_ms=0.258125 cpu_plus_gpu_fence_ms=25.181292
P1K_RAW round=0 frame=190 cpu_prepare_ms=0.294625 cpu_plus_gpu_fence_ms=39.353083
P1K_RAW round=0 frame=191 cpu_prepare_ms=0.261916 cpu_plus_gpu_fence_ms=48.337208
P1K_RAW round=0 frame=192 cpu_prepare_ms=0.437459 cpu_plus_gpu_fence_ms=25.637375
P1K_RAW round=0 frame=193 cpu_prepare_ms=0.249750 cpu_plus_gpu_fence_ms=26.074125
P1K_RAW round=0 frame=194 cpu_prepare_ms=0.282500 cpu_plus_gpu_fence_ms=40.052459
P1K_RAW round=0 frame=195 cpu_prepare_ms=0.510583 cpu_plus_gpu_fence_ms=28.245708
P1K_RAW round=0 frame=196 cpu_prepare_ms=0.241417 cpu_plus_gpu_fence_ms=25.600042
P1K_RAW round=0 frame=197 cpu_prepare_ms=0.191750 cpu_plus_gpu_fence_ms=24.238083
P1K_RAW round=0 frame=198 cpu_prepare_ms=0.240917 cpu_plus_gpu_fence_ms=34.615833
P1K_RAW round=0 frame=199 cpu_prepare_ms=1.172875 cpu_plus_gpu_fence_ms=32.854583
P1K_RAW round=0 frame=200 cpu_prepare_ms=1.741000 cpu_plus_gpu_fence_ms=34.490083
P1K_RAW round=0 frame=201 cpu_prepare_ms=2.665208 cpu_plus_gpu_fence_ms=27.299458
P1K_RAW round=0 frame=202 cpu_prepare_ms=0.861333 cpu_plus_gpu_fence_ms=26.010958
P1K_RAW round=0 frame=203 cpu_prepare_ms=1.770834 cpu_plus_gpu_fence_ms=28.004750
P1K_RAW round=0 frame=204 cpu_prepare_ms=0.663000 cpu_plus_gpu_fence_ms=25.252583
P1K_RAW round=0 frame=205 cpu_prepare_ms=0.760250 cpu_plus_gpu_fence_ms=25.106084
P1K_RAW round=0 frame=206 cpu_prepare_ms=0.869833 cpu_plus_gpu_fence_ms=33.414291
P1K_RAW round=0 frame=207 cpu_prepare_ms=0.676000 cpu_plus_gpu_fence_ms=38.659833
P1K_RAW round=0 frame=208 cpu_prepare_ms=0.284750 cpu_plus_gpu_fence_ms=22.715959
P1K_RAW round=0 frame=209 cpu_prepare_ms=0.245083 cpu_plus_gpu_fence_ms=26.004292
P1K_RAW round=0 frame=210 cpu_prepare_ms=0.249125 cpu_plus_gpu_fence_ms=29.203250
P1K_RAW round=0 frame=211 cpu_prepare_ms=0.654459 cpu_plus_gpu_fence_ms=35.373750
P1K_RAW round=0 frame=212 cpu_prepare_ms=1.097750 cpu_plus_gpu_fence_ms=33.175666
P1K_RAW round=0 frame=213 cpu_prepare_ms=0.696500 cpu_plus_gpu_fence_ms=23.800125
P1K_RAW round=0 frame=214 cpu_prepare_ms=0.754208 cpu_plus_gpu_fence_ms=31.060375
P1K_RAW round=0 frame=215 cpu_prepare_ms=0.648958 cpu_plus_gpu_fence_ms=28.909458
P1K_RAW round=0 frame=216 cpu_prepare_ms=0.685042 cpu_plus_gpu_fence_ms=27.643917
P1K_RAW round=0 frame=217 cpu_prepare_ms=0.684542 cpu_plus_gpu_fence_ms=42.330375
P1K_RAW round=0 frame=218 cpu_prepare_ms=0.280916 cpu_plus_gpu_fence_ms=37.064791
P1K_RAW round=0 frame=219 cpu_prepare_ms=0.523334 cpu_plus_gpu_fence_ms=38.239709
P1K_RAW round=0 frame=220 cpu_prepare_ms=0.853375 cpu_plus_gpu_fence_ms=48.638875
P1K_RAW round=0 frame=221 cpu_prepare_ms=0.809250 cpu_plus_gpu_fence_ms=26.941291
P1K_RAW round=0 frame=222 cpu_prepare_ms=0.694834 cpu_plus_gpu_fence_ms=26.772875
P1K_RAW round=0 frame=223 cpu_prepare_ms=1.318875 cpu_plus_gpu_fence_ms=39.921917
P1K_RAW round=0 frame=224 cpu_prepare_ms=0.237000 cpu_plus_gpu_fence_ms=30.494125
P1K_RAW round=0 frame=225 cpu_prepare_ms=1.045208 cpu_plus_gpu_fence_ms=28.156292
P1K_RAW round=0 frame=226 cpu_prepare_ms=0.894916 cpu_plus_gpu_fence_ms=25.267375
P1K_RAW round=0 frame=227 cpu_prepare_ms=2.287667 cpu_plus_gpu_fence_ms=43.651209
P1K_RAW round=0 frame=228 cpu_prepare_ms=0.675666 cpu_plus_gpu_fence_ms=35.974500
P1K_RAW round=0 frame=229 cpu_prepare_ms=0.676917 cpu_plus_gpu_fence_ms=27.835375
P1K_RAW round=0 frame=230 cpu_prepare_ms=0.280792 cpu_plus_gpu_fence_ms=25.730792
P1K_RAW round=0 frame=231 cpu_prepare_ms=0.701750 cpu_plus_gpu_fence_ms=35.992208
P1K_RAW round=0 frame=232 cpu_prepare_ms=0.638458 cpu_plus_gpu_fence_ms=30.266708
P1K_RAW round=0 frame=233 cpu_prepare_ms=1.182791 cpu_plus_gpu_fence_ms=28.096958
P1K_RAW round=0 frame=234 cpu_prepare_ms=3.093542 cpu_plus_gpu_fence_ms=34.626542
P1K_RAW round=0 frame=235 cpu_prepare_ms=0.484542 cpu_plus_gpu_fence_ms=26.993083
P1K_RAW round=0 frame=236 cpu_prepare_ms=0.797291 cpu_plus_gpu_fence_ms=34.296666
P1K_RAW round=0 frame=237 cpu_prepare_ms=0.872208 cpu_plus_gpu_fence_ms=25.322791
P1K_RAW round=0 frame=238 cpu_prepare_ms=0.630208 cpu_plus_gpu_fence_ms=40.814417
P1K_RAW round=0 frame=239 cpu_prepare_ms=0.617750 cpu_plus_gpu_fence_ms=25.548917
P1K_RAW round=0 frame=240 cpu_prepare_ms=0.646250 cpu_plus_gpu_fence_ms=29.102375
P1K_RAW round=0 frame=241 cpu_prepare_ms=0.882792 cpu_plus_gpu_fence_ms=26.951375
P1K_RAW round=0 frame=242 cpu_prepare_ms=1.109042 cpu_plus_gpu_fence_ms=47.051250
P1K_RAW round=0 frame=243 cpu_prepare_ms=2.103542 cpu_plus_gpu_fence_ms=31.420042
P1K_RAW round=0 frame=244 cpu_prepare_ms=0.703125 cpu_plus_gpu_fence_ms=31.706250
P1K_RAW round=0 frame=245 cpu_prepare_ms=0.755750 cpu_plus_gpu_fence_ms=26.687458
P1K_RAW round=0 frame=246 cpu_prepare_ms=0.859791 cpu_plus_gpu_fence_ms=37.473375
P1K_RAW round=0 frame=247 cpu_prepare_ms=0.674000 cpu_plus_gpu_fence_ms=32.598875
P1K_RAW round=0 frame=248 cpu_prepare_ms=1.650000 cpu_plus_gpu_fence_ms=28.744709
P1K_RAW round=0 frame=249 cpu_prepare_ms=0.625500 cpu_plus_gpu_fence_ms=24.604333
P1K_RAW round=0 frame=250 cpu_prepare_ms=1.021750 cpu_plus_gpu_fence_ms=26.398958
P1K_RAW round=0 frame=251 cpu_prepare_ms=6.629875 cpu_plus_gpu_fence_ms=40.520084
P1K_RAW round=0 frame=252 cpu_prepare_ms=0.683292 cpu_plus_gpu_fence_ms=32.312375
P1K_RAW round=0 frame=253 cpu_prepare_ms=0.806500 cpu_plus_gpu_fence_ms=25.857375
P1K_RAW round=0 frame=254 cpu_prepare_ms=0.788459 cpu_plus_gpu_fence_ms=38.745042
P1K_RAW round=0 frame=255 cpu_prepare_ms=0.622542 cpu_plus_gpu_fence_ms=26.985417
P1K_RAW round=0 frame=256 cpu_prepare_ms=0.789375 cpu_plus_gpu_fence_ms=31.460125
P1K_RAW round=0 frame=257 cpu_prepare_ms=0.963084 cpu_plus_gpu_fence_ms=40.633042
P1K_RAW round=0 frame=258 cpu_prepare_ms=1.360750 cpu_plus_gpu_fence_ms=24.729500
P1K_RAW round=0 frame=259 cpu_prepare_ms=0.309500 cpu_plus_gpu_fence_ms=30.567833
P1K_RAW round=0 frame=260 cpu_prepare_ms=0.687625 cpu_plus_gpu_fence_ms=35.376291
P1K_RAW round=0 frame=261 cpu_prepare_ms=0.614916 cpu_plus_gpu_fence_ms=27.685500
P1K_RAW round=0 frame=262 cpu_prepare_ms=0.756250 cpu_plus_gpu_fence_ms=32.076000
P1K_RAW round=0 frame=263 cpu_prepare_ms=2.262875 cpu_plus_gpu_fence_ms=25.302834
P1K_RAW round=0 frame=264 cpu_prepare_ms=0.928875 cpu_plus_gpu_fence_ms=39.504792
P1K_RAW round=0 frame=265 cpu_prepare_ms=0.557584 cpu_plus_gpu_fence_ms=25.235709
P1K_RAW round=0 frame=266 cpu_prepare_ms=0.559083 cpu_plus_gpu_fence_ms=32.582542
P1K_RAW round=0 frame=267 cpu_prepare_ms=0.762750 cpu_plus_gpu_fence_ms=29.137625
P1K_RAW round=0 frame=268 cpu_prepare_ms=2.358209 cpu_plus_gpu_fence_ms=37.154792
P1K_RAW round=0 frame=269 cpu_prepare_ms=1.662375 cpu_plus_gpu_fence_ms=25.602042
P1K_RAW round=0 frame=270 cpu_prepare_ms=0.741500 cpu_plus_gpu_fence_ms=29.360458
P1K_RAW round=0 frame=271 cpu_prepare_ms=0.668292 cpu_plus_gpu_fence_ms=45.185500
P1K_RAW round=0 frame=272 cpu_prepare_ms=1.731958 cpu_plus_gpu_fence_ms=27.257167
P1K_RAW round=0 frame=273 cpu_prepare_ms=0.948125 cpu_plus_gpu_fence_ms=24.877917
P1K_RAW round=0 frame=274 cpu_prepare_ms=0.631250 cpu_plus_gpu_fence_ms=31.051000
P1K_RAW round=0 frame=275 cpu_prepare_ms=0.995583 cpu_plus_gpu_fence_ms=27.370125
P1K_RAW round=0 frame=276 cpu_prepare_ms=0.755833 cpu_plus_gpu_fence_ms=46.419708
P1K_RAW round=0 frame=277 cpu_prepare_ms=0.612125 cpu_plus_gpu_fence_ms=40.427209
P1K_RAW round=0 frame=278 cpu_prepare_ms=0.213667 cpu_plus_gpu_fence_ms=22.518584
P1K_RAW round=0 frame=279 cpu_prepare_ms=0.734250 cpu_plus_gpu_fence_ms=46.166792
P1K_RAW round=0 frame=280 cpu_prepare_ms=0.963042 cpu_plus_gpu_fence_ms=24.899500
P1K_RAW round=0 frame=281 cpu_prepare_ms=0.812166 cpu_plus_gpu_fence_ms=31.490833
P1K_RAW round=0 frame=282 cpu_prepare_ms=0.808125 cpu_plus_gpu_fence_ms=27.425000
P1K_RAW round=0 frame=283 cpu_prepare_ms=0.678584 cpu_plus_gpu_fence_ms=39.171584
P1K_RAW round=0 frame=284 cpu_prepare_ms=1.445792 cpu_plus_gpu_fence_ms=31.570459
P1K_RAW round=0 frame=285 cpu_prepare_ms=3.714125 cpu_plus_gpu_fence_ms=32.493959
P1K_RAW round=0 frame=286 cpu_prepare_ms=0.276125 cpu_plus_gpu_fence_ms=31.459916
P1K_RAW round=0 frame=287 cpu_prepare_ms=0.714542 cpu_plus_gpu_fence_ms=27.612292
P1K_RAW round=0 frame=288 cpu_prepare_ms=0.691958 cpu_plus_gpu_fence_ms=43.647583
P1K_RAW round=0 frame=289 cpu_prepare_ms=0.819833 cpu_plus_gpu_fence_ms=32.208208
P1K_RAW round=0 frame=290 cpu_prepare_ms=0.747208 cpu_plus_gpu_fence_ms=49.170708
P1K_RAW round=0 frame=291 cpu_prepare_ms=0.217250 cpu_plus_gpu_fence_ms=33.370334
P1K_RAW round=0 frame=292 cpu_prepare_ms=0.209541 cpu_plus_gpu_fence_ms=22.127083
P1K_RAW round=0 frame=293 cpu_prepare_ms=0.882666 cpu_plus_gpu_fence_ms=35.998958
P1K_RAW round=0 frame=294 cpu_prepare_ms=0.597083 cpu_plus_gpu_fence_ms=35.203083
P1K_RAW round=0 frame=295 cpu_prepare_ms=0.657750 cpu_plus_gpu_fence_ms=30.604292
P1K_RAW round=0 frame=296 cpu_prepare_ms=0.239083 cpu_plus_gpu_fence_ms=32.942416
P1K_RAW round=0 frame=297 cpu_prepare_ms=0.668500 cpu_plus_gpu_fence_ms=46.342916
P1K_RAW round=0 frame=298 cpu_prepare_ms=1.105875 cpu_plus_gpu_fence_ms=25.636084
P1K_RAW round=0 frame=299 cpu_prepare_ms=0.764458 cpu_plus_gpu_fence_ms=25.032125
P1K_RAW round=0 frame=300 cpu_prepare_ms=0.683459 cpu_plus_gpu_fence_ms=32.230709
P1K_RAW round=0 frame=301 cpu_prepare_ms=2.517917 cpu_plus_gpu_fence_ms=32.289292
P1K_RAW round=0 frame=302 cpu_prepare_ms=0.753958 cpu_plus_gpu_fence_ms=29.961583
P1K_RAW round=0 frame=303 cpu_prepare_ms=0.709458 cpu_plus_gpu_fence_ms=25.462583
P1K_RAW round=0 frame=304 cpu_prepare_ms=0.731666 cpu_plus_gpu_fence_ms=27.942083
P1K_RAW round=0 frame=305 cpu_prepare_ms=0.664500 cpu_plus_gpu_fence_ms=35.988000
P1K_RAW round=0 frame=306 cpu_prepare_ms=0.660333 cpu_plus_gpu_fence_ms=37.898375
P1K_RAW round=0 frame=307 cpu_prepare_ms=0.854417 cpu_plus_gpu_fence_ms=26.446584
P1K_RAW round=0 frame=308 cpu_prepare_ms=0.651916 cpu_plus_gpu_fence_ms=31.623291
P1K_RAW round=0 frame=309 cpu_prepare_ms=1.869792 cpu_plus_gpu_fence_ms=41.827084
P1K_RAW round=0 frame=310 cpu_prepare_ms=0.207875 cpu_plus_gpu_fence_ms=33.603042
P1K_RAW round=0 frame=311 cpu_prepare_ms=0.788042 cpu_plus_gpu_fence_ms=28.041167
P1K_RAW round=0 frame=312 cpu_prepare_ms=0.785958 cpu_plus_gpu_fence_ms=37.941250
P1K_RAW round=0 frame=313 cpu_prepare_ms=0.270500 cpu_plus_gpu_fence_ms=27.169125
P1K_RAW round=0 frame=314 cpu_prepare_ms=0.738625 cpu_plus_gpu_fence_ms=33.487000
P1K_RAW round=0 frame=315 cpu_prepare_ms=2.073625 cpu_plus_gpu_fence_ms=32.712541
P1K_RAW round=0 frame=316 cpu_prepare_ms=0.675375 cpu_plus_gpu_fence_ms=26.618959
P1K_RAW round=0 frame=317 cpu_prepare_ms=0.636500 cpu_plus_gpu_fence_ms=46.293791
P1K_RAW round=0 frame=318 cpu_prepare_ms=0.573750 cpu_plus_gpu_fence_ms=35.043500
P1K_RAW round=0 frame=319 cpu_prepare_ms=0.645917 cpu_plus_gpu_fence_ms=27.596667
P1K_RAW round=0 frame=320 cpu_prepare_ms=0.749125 cpu_plus_gpu_fence_ms=37.933917
P1K_RAW round=0 frame=321 cpu_prepare_ms=2.841833 cpu_plus_gpu_fence_ms=38.902708
P1K_OFFSCREEN round=0 frames=321 p95_ms=43.459208 threshold_50ms_met=true
P1K_RAW round=1 frame=1 cpu_prepare_ms=0.728541 cpu_plus_gpu_fence_ms=26.409958
P1K_RAW round=1 frame=2 cpu_prepare_ms=0.746083 cpu_plus_gpu_fence_ms=26.141666
P1K_RAW round=1 frame=3 cpu_prepare_ms=1.285666 cpu_plus_gpu_fence_ms=33.480500
P1K_RAW round=1 frame=4 cpu_prepare_ms=0.806292 cpu_plus_gpu_fence_ms=38.272458
P1K_RAW round=1 frame=5 cpu_prepare_ms=0.249750 cpu_plus_gpu_fence_ms=33.989625
P1K_RAW round=1 frame=6 cpu_prepare_ms=0.753750 cpu_plus_gpu_fence_ms=29.416875
P1K_RAW round=1 frame=7 cpu_prepare_ms=1.915000 cpu_plus_gpu_fence_ms=30.749417
P1K_RAW round=1 frame=8 cpu_prepare_ms=2.353916 cpu_plus_gpu_fence_ms=28.353958
P1K_RAW round=1 frame=9 cpu_prepare_ms=0.650375 cpu_plus_gpu_fence_ms=30.976708
P1K_RAW round=1 frame=10 cpu_prepare_ms=0.453792 cpu_plus_gpu_fence_ms=24.393625
P1K_RAW round=1 frame=11 cpu_prepare_ms=0.752292 cpu_plus_gpu_fence_ms=31.401917
P1K_RAW round=1 frame=12 cpu_prepare_ms=1.036125 cpu_plus_gpu_fence_ms=31.427667
P1K_RAW round=1 frame=13 cpu_prepare_ms=1.909042 cpu_plus_gpu_fence_ms=33.229209
P1K_RAW round=1 frame=14 cpu_prepare_ms=1.020417 cpu_plus_gpu_fence_ms=29.669709
P1K_RAW round=1 frame=15 cpu_prepare_ms=0.543625 cpu_plus_gpu_fence_ms=31.477208
P1K_RAW round=1 frame=16 cpu_prepare_ms=0.696500 cpu_plus_gpu_fence_ms=37.915375
P1K_RAW round=1 frame=17 cpu_prepare_ms=0.664458 cpu_plus_gpu_fence_ms=30.202958
P1K_RAW round=1 frame=18 cpu_prepare_ms=0.253167 cpu_plus_gpu_fence_ms=34.790625
P1K_RAW round=1 frame=19 cpu_prepare_ms=3.021750 cpu_plus_gpu_fence_ms=31.626834
P1K_RAW round=1 frame=20 cpu_prepare_ms=0.751917 cpu_plus_gpu_fence_ms=34.325833
P1K_RAW round=1 frame=21 cpu_prepare_ms=0.308333 cpu_plus_gpu_fence_ms=27.914208
P1K_RAW round=1 frame=22 cpu_prepare_ms=0.843625 cpu_plus_gpu_fence_ms=39.244917
P1K_RAW round=1 frame=23 cpu_prepare_ms=0.610583 cpu_plus_gpu_fence_ms=28.287416
P1K_RAW round=1 frame=24 cpu_prepare_ms=0.793459 cpu_plus_gpu_fence_ms=39.276542
P1K_RAW round=1 frame=25 cpu_prepare_ms=0.738709 cpu_plus_gpu_fence_ms=29.297167
P1K_RAW round=1 frame=26 cpu_prepare_ms=0.777333 cpu_plus_gpu_fence_ms=25.100958
P1K_RAW round=1 frame=27 cpu_prepare_ms=0.617541 cpu_plus_gpu_fence_ms=37.189541
P1K_RAW round=1 frame=28 cpu_prepare_ms=0.276667 cpu_plus_gpu_fence_ms=30.140250
P1K_RAW round=1 frame=29 cpu_prepare_ms=0.698084 cpu_plus_gpu_fence_ms=25.027917
P1K_RAW round=1 frame=30 cpu_prepare_ms=2.543125 cpu_plus_gpu_fence_ms=41.009459
P1K_RAW round=1 frame=31 cpu_prepare_ms=0.878292 cpu_plus_gpu_fence_ms=39.851708
P1K_RAW round=1 frame=32 cpu_prepare_ms=0.288083 cpu_plus_gpu_fence_ms=37.083125
P1K_RAW round=1 frame=33 cpu_prepare_ms=0.287250 cpu_plus_gpu_fence_ms=26.335333
P1K_RAW round=1 frame=34 cpu_prepare_ms=0.651667 cpu_plus_gpu_fence_ms=27.420584
P1K_RAW round=1 frame=35 cpu_prepare_ms=0.791417 cpu_plus_gpu_fence_ms=25.987292
P1K_RAW round=1 frame=36 cpu_prepare_ms=0.997750 cpu_plus_gpu_fence_ms=31.982584
P1K_RAW round=1 frame=37 cpu_prepare_ms=2.738166 cpu_plus_gpu_fence_ms=40.989208
P1K_RAW round=1 frame=38 cpu_prepare_ms=0.636959 cpu_plus_gpu_fence_ms=34.168667
P1K_RAW round=1 frame=39 cpu_prepare_ms=0.957833 cpu_plus_gpu_fence_ms=33.060583
P1K_RAW round=1 frame=40 cpu_prepare_ms=0.655416 cpu_plus_gpu_fence_ms=28.496291
P1K_RAW round=1 frame=41 cpu_prepare_ms=0.736125 cpu_plus_gpu_fence_ms=28.296875
P1K_RAW round=1 frame=42 cpu_prepare_ms=0.756875 cpu_plus_gpu_fence_ms=28.909542
P1K_RAW round=1 frame=43 cpu_prepare_ms=1.008667 cpu_plus_gpu_fence_ms=31.878334
P1K_RAW round=1 frame=44 cpu_prepare_ms=3.125000 cpu_plus_gpu_fence_ms=34.055792
P1K_RAW round=1 frame=45 cpu_prepare_ms=0.682084 cpu_plus_gpu_fence_ms=25.905459
P1K_RAW round=1 frame=46 cpu_prepare_ms=0.278167 cpu_plus_gpu_fence_ms=24.879708
P1K_RAW round=1 frame=47 cpu_prepare_ms=0.580875 cpu_plus_gpu_fence_ms=34.071584
P1K_RAW round=1 frame=48 cpu_prepare_ms=0.381375 cpu_plus_gpu_fence_ms=24.880542
P1K_RAW round=1 frame=49 cpu_prepare_ms=0.687459 cpu_plus_gpu_fence_ms=34.391334
P1K_RAW round=1 frame=50 cpu_prepare_ms=0.641917 cpu_plus_gpu_fence_ms=33.530792
P1K_RAW round=1 frame=51 cpu_prepare_ms=3.335750 cpu_plus_gpu_fence_ms=30.730542
P1K_RAW round=1 frame=52 cpu_prepare_ms=0.662167 cpu_plus_gpu_fence_ms=29.740375
P1K_RAW round=1 frame=53 cpu_prepare_ms=1.337042 cpu_plus_gpu_fence_ms=28.605125
P1K_RAW round=1 frame=54 cpu_prepare_ms=0.333375 cpu_plus_gpu_fence_ms=37.496750
P1K_RAW round=1 frame=55 cpu_prepare_ms=0.260000 cpu_plus_gpu_fence_ms=28.619250
P1K_RAW round=1 frame=56 cpu_prepare_ms=0.816208 cpu_plus_gpu_fence_ms=26.742958
P1K_RAW round=1 frame=57 cpu_prepare_ms=1.099167 cpu_plus_gpu_fence_ms=27.434125
P1K_RAW round=1 frame=58 cpu_prepare_ms=5.162584 cpu_plus_gpu_fence_ms=38.691709
P1K_RAW round=1 frame=59 cpu_prepare_ms=0.827291 cpu_plus_gpu_fence_ms=29.359916
P1K_RAW round=1 frame=60 cpu_prepare_ms=2.337666 cpu_plus_gpu_fence_ms=31.181166
P1K_RAW round=1 frame=61 cpu_prepare_ms=0.249166 cpu_plus_gpu_fence_ms=25.488333
P1K_RAW round=1 frame=62 cpu_prepare_ms=0.797666 cpu_plus_gpu_fence_ms=26.185208
P1K_RAW round=1 frame=63 cpu_prepare_ms=1.012250 cpu_plus_gpu_fence_ms=28.738125
P1K_RAW round=1 frame=64 cpu_prepare_ms=0.809875 cpu_plus_gpu_fence_ms=24.926834
P1K_RAW round=1 frame=65 cpu_prepare_ms=0.723208 cpu_plus_gpu_fence_ms=30.837125
P1K_RAW round=1 frame=66 cpu_prepare_ms=0.965000 cpu_plus_gpu_fence_ms=33.106917
P1K_RAW round=1 frame=67 cpu_prepare_ms=0.716625 cpu_plus_gpu_fence_ms=38.439667
P1K_RAW round=1 frame=68 cpu_prepare_ms=0.698500 cpu_plus_gpu_fence_ms=30.603833
P1K_RAW round=1 frame=69 cpu_prepare_ms=1.270459 cpu_plus_gpu_fence_ms=30.520375
P1K_RAW round=1 frame=70 cpu_prepare_ms=0.721958 cpu_plus_gpu_fence_ms=26.412000
P1K_RAW round=1 frame=71 cpu_prepare_ms=0.870000 cpu_plus_gpu_fence_ms=33.158875
P1K_RAW round=1 frame=72 cpu_prepare_ms=0.276000 cpu_plus_gpu_fence_ms=26.493875
P1K_RAW round=1 frame=73 cpu_prepare_ms=0.741292 cpu_plus_gpu_fence_ms=25.777500
P1K_RAW round=1 frame=74 cpu_prepare_ms=0.752167 cpu_plus_gpu_fence_ms=24.897500
P1K_RAW round=1 frame=75 cpu_prepare_ms=0.656917 cpu_plus_gpu_fence_ms=30.217500
P1K_RAW round=1 frame=76 cpu_prepare_ms=0.659417 cpu_plus_gpu_fence_ms=30.583208
P1K_RAW round=1 frame=77 cpu_prepare_ms=0.779541 cpu_plus_gpu_fence_ms=26.762875
P1K_RAW round=1 frame=78 cpu_prepare_ms=0.709833 cpu_plus_gpu_fence_ms=36.654958
P1K_RAW round=1 frame=79 cpu_prepare_ms=0.220083 cpu_plus_gpu_fence_ms=27.442666
P1K_RAW round=1 frame=80 cpu_prepare_ms=0.687417 cpu_plus_gpu_fence_ms=29.316084
P1K_RAW round=1 frame=81 cpu_prepare_ms=0.712625 cpu_plus_gpu_fence_ms=33.172959
P1K_RAW round=1 frame=82 cpu_prepare_ms=5.205583 cpu_plus_gpu_fence_ms=40.318958
P1K_RAW round=1 frame=83 cpu_prepare_ms=2.040625 cpu_plus_gpu_fence_ms=38.500667
P1K_RAW round=1 frame=84 cpu_prepare_ms=0.668250 cpu_plus_gpu_fence_ms=26.989666
P1K_RAW round=1 frame=85 cpu_prepare_ms=0.905958 cpu_plus_gpu_fence_ms=40.012708
P1K_RAW round=1 frame=86 cpu_prepare_ms=0.596583 cpu_plus_gpu_fence_ms=38.635708
P1K_RAW round=1 frame=87 cpu_prepare_ms=0.574334 cpu_plus_gpu_fence_ms=31.068292
P1K_RAW round=1 frame=88 cpu_prepare_ms=0.793917 cpu_plus_gpu_fence_ms=31.700709
P1K_RAW round=1 frame=89 cpu_prepare_ms=0.938792 cpu_plus_gpu_fence_ms=38.592667
P1K_RAW round=1 frame=90 cpu_prepare_ms=1.181292 cpu_plus_gpu_fence_ms=38.686000
P1K_RAW round=1 frame=91 cpu_prepare_ms=0.723333 cpu_plus_gpu_fence_ms=27.549666
P1K_RAW round=1 frame=92 cpu_prepare_ms=0.735333 cpu_plus_gpu_fence_ms=26.319083
P1K_RAW round=1 frame=93 cpu_prepare_ms=1.168625 cpu_plus_gpu_fence_ms=27.989042
P1K_RAW round=1 frame=94 cpu_prepare_ms=0.253125 cpu_plus_gpu_fence_ms=24.260625
P1K_RAW round=1 frame=95 cpu_prepare_ms=4.581833 cpu_plus_gpu_fence_ms=30.867916
P1K_RAW round=1 frame=96 cpu_prepare_ms=0.586375 cpu_plus_gpu_fence_ms=31.968167
P1K_RAW round=1 frame=97 cpu_prepare_ms=0.623417 cpu_plus_gpu_fence_ms=30.338667
P1K_RAW round=1 frame=98 cpu_prepare_ms=0.621333 cpu_plus_gpu_fence_ms=44.131792
P1K_RAW round=1 frame=99 cpu_prepare_ms=0.620042 cpu_plus_gpu_fence_ms=30.981125
P1K_RAW round=1 frame=100 cpu_prepare_ms=0.713583 cpu_plus_gpu_fence_ms=35.757167
P1K_RAW round=1 frame=101 cpu_prepare_ms=0.293583 cpu_plus_gpu_fence_ms=31.950708
P1K_RAW round=1 frame=102 cpu_prepare_ms=0.690500 cpu_plus_gpu_fence_ms=39.848208
P1K_RAW round=1 frame=103 cpu_prepare_ms=1.277041 cpu_plus_gpu_fence_ms=31.080416
P1K_RAW round=1 frame=104 cpu_prepare_ms=0.681125 cpu_plus_gpu_fence_ms=29.576791
P1K_RAW round=1 frame=105 cpu_prepare_ms=1.546833 cpu_plus_gpu_fence_ms=24.997458
P1K_RAW round=1 frame=106 cpu_prepare_ms=0.555709 cpu_plus_gpu_fence_ms=28.631125
P1K_RAW round=1 frame=107 cpu_prepare_ms=0.716250 cpu_plus_gpu_fence_ms=34.071500
P1K_RAW round=1 frame=108 cpu_prepare_ms=0.694208 cpu_plus_gpu_fence_ms=34.929125
P1K_RAW round=1 frame=109 cpu_prepare_ms=0.219459 cpu_plus_gpu_fence_ms=32.785584
P1K_RAW round=1 frame=110 cpu_prepare_ms=0.625458 cpu_plus_gpu_fence_ms=27.981208
P1K_RAW round=1 frame=111 cpu_prepare_ms=0.693125 cpu_plus_gpu_fence_ms=30.072208
P1K_RAW round=1 frame=112 cpu_prepare_ms=0.651791 cpu_plus_gpu_fence_ms=36.807583
P1K_RAW round=1 frame=113 cpu_prepare_ms=0.235583 cpu_plus_gpu_fence_ms=31.374542
P1K_RAW round=1 frame=114 cpu_prepare_ms=0.748917 cpu_plus_gpu_fence_ms=32.229167
P1K_RAW round=1 frame=115 cpu_prepare_ms=1.264917 cpu_plus_gpu_fence_ms=28.701459
P1K_RAW round=1 frame=116 cpu_prepare_ms=1.671375 cpu_plus_gpu_fence_ms=31.435917
P1K_RAW round=1 frame=117 cpu_prepare_ms=1.544208 cpu_plus_gpu_fence_ms=26.083291
P1K_RAW round=1 frame=118 cpu_prepare_ms=0.859584 cpu_plus_gpu_fence_ms=41.534750
P1K_RAW round=1 frame=119 cpu_prepare_ms=0.334208 cpu_plus_gpu_fence_ms=37.818042
P1K_RAW round=1 frame=120 cpu_prepare_ms=0.817208 cpu_plus_gpu_fence_ms=26.050291
P1K_RAW round=1 frame=121 cpu_prepare_ms=0.734958 cpu_plus_gpu_fence_ms=25.409333
P1K_RAW round=1 frame=122 cpu_prepare_ms=0.645542 cpu_plus_gpu_fence_ms=33.170917
P1K_RAW round=1 frame=123 cpu_prepare_ms=0.622333 cpu_plus_gpu_fence_ms=42.482208
P1K_RAW round=1 frame=124 cpu_prepare_ms=0.582625 cpu_plus_gpu_fence_ms=25.908375
P1K_RAW round=1 frame=125 cpu_prepare_ms=0.628541 cpu_plus_gpu_fence_ms=27.927875
P1K_RAW round=1 frame=126 cpu_prepare_ms=0.757583 cpu_plus_gpu_fence_ms=28.374750
P1K_RAW round=1 frame=127 cpu_prepare_ms=0.812750 cpu_plus_gpu_fence_ms=31.611000
P1K_RAW round=1 frame=128 cpu_prepare_ms=0.675542 cpu_plus_gpu_fence_ms=25.302459
P1K_RAW round=1 frame=129 cpu_prepare_ms=1.138250 cpu_plus_gpu_fence_ms=49.568708
P1K_RAW round=1 frame=130 cpu_prepare_ms=0.519375 cpu_plus_gpu_fence_ms=35.566208
P1K_RAW round=1 frame=131 cpu_prepare_ms=0.789208 cpu_plus_gpu_fence_ms=41.677125
P1K_RAW round=1 frame=132 cpu_prepare_ms=0.607333 cpu_plus_gpu_fence_ms=31.558375
P1K_RAW round=1 frame=133 cpu_prepare_ms=0.785041 cpu_plus_gpu_fence_ms=28.567666
P1K_RAW round=1 frame=134 cpu_prepare_ms=0.704125 cpu_plus_gpu_fence_ms=26.157333
P1K_RAW round=1 frame=135 cpu_prepare_ms=0.873875 cpu_plus_gpu_fence_ms=39.330250
P1K_RAW round=1 frame=136 cpu_prepare_ms=0.259625 cpu_plus_gpu_fence_ms=27.776208
P1K_RAW round=1 frame=137 cpu_prepare_ms=0.294917 cpu_plus_gpu_fence_ms=32.383292
P1K_RAW round=1 frame=138 cpu_prepare_ms=0.277375 cpu_plus_gpu_fence_ms=25.638917
P1K_RAW round=1 frame=139 cpu_prepare_ms=0.324459 cpu_plus_gpu_fence_ms=25.877125
P1K_RAW round=1 frame=140 cpu_prepare_ms=0.266791 cpu_plus_gpu_fence_ms=24.307750
P1K_RAW round=1 frame=141 cpu_prepare_ms=0.232750 cpu_plus_gpu_fence_ms=28.358792
P1K_RAW round=1 frame=142 cpu_prepare_ms=0.309083 cpu_plus_gpu_fence_ms=34.015000
P1K_RAW round=1 frame=143 cpu_prepare_ms=0.257542 cpu_plus_gpu_fence_ms=32.724875
P1K_RAW round=1 frame=144 cpu_prepare_ms=0.252625 cpu_plus_gpu_fence_ms=23.835625
P1K_RAW round=1 frame=145 cpu_prepare_ms=0.250083 cpu_plus_gpu_fence_ms=34.829375
P1K_RAW round=1 frame=146 cpu_prepare_ms=0.287208 cpu_plus_gpu_fence_ms=31.597708
P1K_RAW round=1 frame=147 cpu_prepare_ms=0.335791 cpu_plus_gpu_fence_ms=185.044166
P1K_RAW round=1 frame=148 cpu_prepare_ms=6.292708 cpu_plus_gpu_fence_ms=38.372416
P1K_RAW round=1 frame=149 cpu_prepare_ms=0.739541 cpu_plus_gpu_fence_ms=28.977750
P1K_RAW round=1 frame=150 cpu_prepare_ms=0.301542 cpu_plus_gpu_fence_ms=31.879667
P1K_RAW round=1 frame=151 cpu_prepare_ms=0.239250 cpu_plus_gpu_fence_ms=23.395292
P1K_RAW round=1 frame=152 cpu_prepare_ms=0.250500 cpu_plus_gpu_fence_ms=24.604833
P1K_RAW round=1 frame=153 cpu_prepare_ms=0.234416 cpu_plus_gpu_fence_ms=26.156833
P1K_RAW round=1 frame=154 cpu_prepare_ms=0.241541 cpu_plus_gpu_fence_ms=26.498250
P1K_RAW round=1 frame=155 cpu_prepare_ms=0.235666 cpu_plus_gpu_fence_ms=25.600375
P1K_RAW round=1 frame=156 cpu_prepare_ms=0.243292 cpu_plus_gpu_fence_ms=38.190625
P1K_RAW round=1 frame=157 cpu_prepare_ms=0.224459 cpu_plus_gpu_fence_ms=31.564709
P1K_RAW round=1 frame=158 cpu_prepare_ms=0.272958 cpu_plus_gpu_fence_ms=22.036958
P1K_RAW round=1 frame=159 cpu_prepare_ms=0.225166 cpu_plus_gpu_fence_ms=26.709208
P1K_RAW round=1 frame=160 cpu_prepare_ms=0.258500 cpu_plus_gpu_fence_ms=28.743542
P1K_RAW round=1 frame=161 cpu_prepare_ms=0.618458 cpu_plus_gpu_fence_ms=27.052458
P1K_RAW round=1 frame=162 cpu_prepare_ms=4.832625 cpu_plus_gpu_fence_ms=39.727209
P1K_RAW round=1 frame=163 cpu_prepare_ms=0.259125 cpu_plus_gpu_fence_ms=28.830917
P1K_RAW round=1 frame=164 cpu_prepare_ms=0.800083 cpu_plus_gpu_fence_ms=32.959833
P1K_RAW round=1 frame=165 cpu_prepare_ms=0.742375 cpu_plus_gpu_fence_ms=31.752667
P1K_RAW round=1 frame=166 cpu_prepare_ms=2.845333 cpu_plus_gpu_fence_ms=30.692791
P1K_RAW round=1 frame=167 cpu_prepare_ms=0.727667 cpu_plus_gpu_fence_ms=27.819333
P1K_RAW round=1 frame=168 cpu_prepare_ms=0.227667 cpu_plus_gpu_fence_ms=34.983042
P1K_RAW round=1 frame=169 cpu_prepare_ms=0.288333 cpu_plus_gpu_fence_ms=32.522458
P1K_RAW round=1 frame=170 cpu_prepare_ms=0.739917 cpu_plus_gpu_fence_ms=26.790125
P1K_RAW round=1 frame=171 cpu_prepare_ms=0.721875 cpu_plus_gpu_fence_ms=26.913459
P1K_RAW round=1 frame=172 cpu_prepare_ms=0.677416 cpu_plus_gpu_fence_ms=32.591833
P1K_RAW round=1 frame=173 cpu_prepare_ms=0.774542 cpu_plus_gpu_fence_ms=28.283417
P1K_RAW round=1 frame=174 cpu_prepare_ms=0.668417 cpu_plus_gpu_fence_ms=31.557500
P1K_RAW round=1 frame=175 cpu_prepare_ms=1.193625 cpu_plus_gpu_fence_ms=30.464917
P1K_RAW round=1 frame=176 cpu_prepare_ms=0.739542 cpu_plus_gpu_fence_ms=38.902375
P1K_RAW round=1 frame=177 cpu_prepare_ms=0.260250 cpu_plus_gpu_fence_ms=22.965125
P1K_RAW round=1 frame=178 cpu_prepare_ms=0.908458 cpu_plus_gpu_fence_ms=27.848833
P1K_RAW round=1 frame=179 cpu_prepare_ms=2.412750 cpu_plus_gpu_fence_ms=38.692000
P1K_RAW round=1 frame=180 cpu_prepare_ms=0.312958 cpu_plus_gpu_fence_ms=29.031625
P1K_RAW round=1 frame=181 cpu_prepare_ms=0.758583 cpu_plus_gpu_fence_ms=25.515958
P1K_RAW round=1 frame=182 cpu_prepare_ms=1.227042 cpu_plus_gpu_fence_ms=30.371917
P1K_RAW round=1 frame=183 cpu_prepare_ms=2.266958 cpu_plus_gpu_fence_ms=27.296917
P1K_RAW round=1 frame=184 cpu_prepare_ms=0.753458 cpu_plus_gpu_fence_ms=41.839583
P1K_RAW round=1 frame=185 cpu_prepare_ms=0.763625 cpu_plus_gpu_fence_ms=34.611625
P1K_RAW round=1 frame=186 cpu_prepare_ms=0.260417 cpu_plus_gpu_fence_ms=24.339583
P1K_RAW round=1 frame=187 cpu_prepare_ms=1.099334 cpu_plus_gpu_fence_ms=30.891250
P1K_RAW round=1 frame=188 cpu_prepare_ms=0.359708 cpu_plus_gpu_fence_ms=26.258708
P1K_RAW round=1 frame=189 cpu_prepare_ms=0.276375 cpu_plus_gpu_fence_ms=26.426459
P1K_RAW round=1 frame=190 cpu_prepare_ms=0.354917 cpu_plus_gpu_fence_ms=36.536125
P1K_RAW round=1 frame=191 cpu_prepare_ms=2.046917 cpu_plus_gpu_fence_ms=26.551375
P1K_RAW round=1 frame=192 cpu_prepare_ms=3.715875 cpu_plus_gpu_fence_ms=28.379334
P1K_RAW round=1 frame=193 cpu_prepare_ms=2.716583 cpu_plus_gpu_fence_ms=28.424666
P1K_RAW round=1 frame=194 cpu_prepare_ms=0.681416 cpu_plus_gpu_fence_ms=25.205375
P1K_RAW round=1 frame=195 cpu_prepare_ms=0.719208 cpu_plus_gpu_fence_ms=27.195542
P1K_RAW round=1 frame=196 cpu_prepare_ms=0.797791 cpu_plus_gpu_fence_ms=34.561083
P1K_RAW round=1 frame=197 cpu_prepare_ms=0.677875 cpu_plus_gpu_fence_ms=26.566083
P1K_RAW round=1 frame=198 cpu_prepare_ms=4.045750 cpu_plus_gpu_fence_ms=32.447917
P1K_RAW round=1 frame=199 cpu_prepare_ms=0.688625 cpu_plus_gpu_fence_ms=26.220833
P1K_RAW round=1 frame=200 cpu_prepare_ms=0.625833 cpu_plus_gpu_fence_ms=38.123833
P1K_RAW round=1 frame=201 cpu_prepare_ms=0.394042 cpu_plus_gpu_fence_ms=28.672250
P1K_RAW round=1 frame=202 cpu_prepare_ms=0.814541 cpu_plus_gpu_fence_ms=32.047541
P1K_RAW round=1 frame=203 cpu_prepare_ms=0.358083 cpu_plus_gpu_fence_ms=28.456458
P1K_RAW round=1 frame=204 cpu_prepare_ms=0.848500 cpu_plus_gpu_fence_ms=26.733916
P1K_RAW round=1 frame=205 cpu_prepare_ms=0.720666 cpu_plus_gpu_fence_ms=31.173000
P1K_RAW round=1 frame=206 cpu_prepare_ms=0.688417 cpu_plus_gpu_fence_ms=34.216334
P1K_RAW round=1 frame=207 cpu_prepare_ms=0.801416 cpu_plus_gpu_fence_ms=39.943500
P1K_RAW round=1 frame=208 cpu_prepare_ms=0.655000 cpu_plus_gpu_fence_ms=33.570125
P1K_RAW round=1 frame=209 cpu_prepare_ms=0.836834 cpu_plus_gpu_fence_ms=34.736125
P1K_RAW round=1 frame=210 cpu_prepare_ms=0.320000 cpu_plus_gpu_fence_ms=26.536500
P1K_RAW round=1 frame=211 cpu_prepare_ms=0.894500 cpu_plus_gpu_fence_ms=42.473666
P1K_RAW round=1 frame=212 cpu_prepare_ms=0.249208 cpu_plus_gpu_fence_ms=41.662833
P1K_RAW round=1 frame=213 cpu_prepare_ms=4.632250 cpu_plus_gpu_fence_ms=26.792834
P1K_RAW round=1 frame=214 cpu_prepare_ms=0.651875 cpu_plus_gpu_fence_ms=31.846666
P1K_RAW round=1 frame=215 cpu_prepare_ms=0.743833 cpu_plus_gpu_fence_ms=37.007167
P1K_RAW round=1 frame=216 cpu_prepare_ms=0.407875 cpu_plus_gpu_fence_ms=21.917458
P1K_RAW round=1 frame=217 cpu_prepare_ms=1.129542 cpu_plus_gpu_fence_ms=29.760584
P1K_RAW round=1 frame=218 cpu_prepare_ms=0.638833 cpu_plus_gpu_fence_ms=25.582916
P1K_RAW round=1 frame=219 cpu_prepare_ms=0.644167 cpu_plus_gpu_fence_ms=38.191375
P1K_RAW round=1 frame=220 cpu_prepare_ms=0.619875 cpu_plus_gpu_fence_ms=32.066417
P1K_RAW round=1 frame=221 cpu_prepare_ms=0.700750 cpu_plus_gpu_fence_ms=40.521041
P1K_RAW round=1 frame=222 cpu_prepare_ms=0.582208 cpu_plus_gpu_fence_ms=29.527750
P1K_RAW round=1 frame=223 cpu_prepare_ms=2.586791 cpu_plus_gpu_fence_ms=33.042541
P1K_RAW round=1 frame=224 cpu_prepare_ms=0.331083 cpu_plus_gpu_fence_ms=26.681000
P1K_RAW round=1 frame=225 cpu_prepare_ms=0.889917 cpu_plus_gpu_fence_ms=32.272084
P1K_RAW round=1 frame=226 cpu_prepare_ms=0.771167 cpu_plus_gpu_fence_ms=29.782833
P1K_RAW round=1 frame=227 cpu_prepare_ms=0.697292 cpu_plus_gpu_fence_ms=29.051417
P1K_RAW round=1 frame=228 cpu_prepare_ms=0.864667 cpu_plus_gpu_fence_ms=30.494750
P1K_RAW round=1 frame=229 cpu_prepare_ms=0.759292 cpu_plus_gpu_fence_ms=33.733167
P1K_RAW round=1 frame=230 cpu_prepare_ms=1.198959 cpu_plus_gpu_fence_ms=31.929375
P1K_RAW round=1 frame=231 cpu_prepare_ms=1.086292 cpu_plus_gpu_fence_ms=27.978875
P1K_RAW round=1 frame=232 cpu_prepare_ms=0.653500 cpu_plus_gpu_fence_ms=25.755125
P1K_RAW round=1 frame=233 cpu_prepare_ms=0.872583 cpu_plus_gpu_fence_ms=27.820167
P1K_RAW round=1 frame=234 cpu_prepare_ms=0.701833 cpu_plus_gpu_fence_ms=28.227417
P1K_RAW round=1 frame=235 cpu_prepare_ms=1.037167 cpu_plus_gpu_fence_ms=27.115708
P1K_RAW round=1 frame=236 cpu_prepare_ms=0.894625 cpu_plus_gpu_fence_ms=31.227375
P1K_RAW round=1 frame=237 cpu_prepare_ms=0.699000 cpu_plus_gpu_fence_ms=30.889625
P1K_RAW round=1 frame=238 cpu_prepare_ms=0.758625 cpu_plus_gpu_fence_ms=34.816750
P1K_RAW round=1 frame=239 cpu_prepare_ms=0.913000 cpu_plus_gpu_fence_ms=27.252333
P1K_RAW round=1 frame=240 cpu_prepare_ms=0.835083 cpu_plus_gpu_fence_ms=33.234500
P1K_RAW round=1 frame=241 cpu_prepare_ms=3.360417 cpu_plus_gpu_fence_ms=30.582375
P1K_RAW round=1 frame=242 cpu_prepare_ms=2.599375 cpu_plus_gpu_fence_ms=28.262167
P1K_RAW round=1 frame=243 cpu_prepare_ms=0.247958 cpu_plus_gpu_fence_ms=24.312166
P1K_RAW round=1 frame=244 cpu_prepare_ms=0.341500 cpu_plus_gpu_fence_ms=24.811417
P1K_RAW round=1 frame=245 cpu_prepare_ms=0.627417 cpu_plus_gpu_fence_ms=27.019000
P1K_RAW round=1 frame=246 cpu_prepare_ms=1.618208 cpu_plus_gpu_fence_ms=26.094833
P1K_RAW round=1 frame=247 cpu_prepare_ms=1.109083 cpu_plus_gpu_fence_ms=26.996833
P1K_RAW round=1 frame=248 cpu_prepare_ms=2.748959 cpu_plus_gpu_fence_ms=26.561459
P1K_RAW round=1 frame=249 cpu_prepare_ms=0.710584 cpu_plus_gpu_fence_ms=32.043584
P1K_RAW round=1 frame=250 cpu_prepare_ms=0.739208 cpu_plus_gpu_fence_ms=26.185708
P1K_RAW round=1 frame=251 cpu_prepare_ms=0.905375 cpu_plus_gpu_fence_ms=25.650792
P1K_RAW round=1 frame=252 cpu_prepare_ms=0.572750 cpu_plus_gpu_fence_ms=24.214166
P1K_RAW round=1 frame=253 cpu_prepare_ms=0.659958 cpu_plus_gpu_fence_ms=25.210250
P1K_RAW round=1 frame=254 cpu_prepare_ms=0.801000 cpu_plus_gpu_fence_ms=34.546333
P1K_RAW round=1 frame=255 cpu_prepare_ms=0.537875 cpu_plus_gpu_fence_ms=28.957417
P1K_RAW round=1 frame=256 cpu_prepare_ms=0.915833 cpu_plus_gpu_fence_ms=38.996792
P1K_RAW round=1 frame=257 cpu_prepare_ms=0.707083 cpu_plus_gpu_fence_ms=26.075375
P1K_RAW round=1 frame=258 cpu_prepare_ms=0.587292 cpu_plus_gpu_fence_ms=25.532500
P1K_RAW round=1 frame=259 cpu_prepare_ms=0.603167 cpu_plus_gpu_fence_ms=26.627167
P1K_RAW round=1 frame=260 cpu_prepare_ms=0.762625 cpu_plus_gpu_fence_ms=37.660541
P1K_RAW round=1 frame=261 cpu_prepare_ms=0.579208 cpu_plus_gpu_fence_ms=39.515083
P1K_RAW round=1 frame=262 cpu_prepare_ms=0.600708 cpu_plus_gpu_fence_ms=29.501708
P1K_RAW round=1 frame=263 cpu_prepare_ms=0.786208 cpu_plus_gpu_fence_ms=25.853833
P1K_RAW round=1 frame=264 cpu_prepare_ms=0.699125 cpu_plus_gpu_fence_ms=38.395167
P1K_RAW round=1 frame=265 cpu_prepare_ms=0.675500 cpu_plus_gpu_fence_ms=33.563958
P1K_RAW round=1 frame=266 cpu_prepare_ms=0.804333 cpu_plus_gpu_fence_ms=28.597292
P1K_RAW round=1 frame=267 cpu_prepare_ms=0.641542 cpu_plus_gpu_fence_ms=30.764250
P1K_RAW round=1 frame=268 cpu_prepare_ms=1.264667 cpu_plus_gpu_fence_ms=26.428000
P1K_RAW round=1 frame=269 cpu_prepare_ms=0.720125 cpu_plus_gpu_fence_ms=27.927750
P1K_RAW round=1 frame=270 cpu_prepare_ms=0.795791 cpu_plus_gpu_fence_ms=27.348250
P1K_RAW round=1 frame=271 cpu_prepare_ms=0.724500 cpu_plus_gpu_fence_ms=26.001125
P1K_RAW round=1 frame=272 cpu_prepare_ms=0.734500 cpu_plus_gpu_fence_ms=40.001125
P1K_RAW round=1 frame=273 cpu_prepare_ms=0.391666 cpu_plus_gpu_fence_ms=31.810166
P1K_RAW round=1 frame=274 cpu_prepare_ms=0.673458 cpu_plus_gpu_fence_ms=37.822500
P1K_RAW round=1 frame=275 cpu_prepare_ms=0.664625 cpu_plus_gpu_fence_ms=26.710083
P1K_RAW round=1 frame=276 cpu_prepare_ms=0.700375 cpu_plus_gpu_fence_ms=32.962875
P1K_RAW round=1 frame=277 cpu_prepare_ms=2.517250 cpu_plus_gpu_fence_ms=40.951791
P1K_RAW round=1 frame=278 cpu_prepare_ms=0.855625 cpu_plus_gpu_fence_ms=26.019209
P1K_RAW round=1 frame=279 cpu_prepare_ms=0.256708 cpu_plus_gpu_fence_ms=27.189375
P1K_RAW round=1 frame=280 cpu_prepare_ms=0.666208 cpu_plus_gpu_fence_ms=35.148083
P1K_RAW round=1 frame=281 cpu_prepare_ms=0.706041 cpu_plus_gpu_fence_ms=26.532083
P1K_RAW round=1 frame=282 cpu_prepare_ms=0.820167 cpu_plus_gpu_fence_ms=32.099792
P1K_RAW round=1 frame=283 cpu_prepare_ms=0.786917 cpu_plus_gpu_fence_ms=29.093250
P1K_RAW round=1 frame=284 cpu_prepare_ms=0.676250 cpu_plus_gpu_fence_ms=27.154875
P1K_RAW round=1 frame=285 cpu_prepare_ms=0.736750 cpu_plus_gpu_fence_ms=39.747750
P1K_RAW round=1 frame=286 cpu_prepare_ms=0.854375 cpu_plus_gpu_fence_ms=32.194333
P1K_RAW round=1 frame=287 cpu_prepare_ms=1.178166 cpu_plus_gpu_fence_ms=26.587208
P1K_RAW round=1 frame=288 cpu_prepare_ms=0.791583 cpu_plus_gpu_fence_ms=42.249500
P1K_RAW round=1 frame=289 cpu_prepare_ms=0.478417 cpu_plus_gpu_fence_ms=22.778750
P1K_RAW round=1 frame=290 cpu_prepare_ms=0.657875 cpu_plus_gpu_fence_ms=26.145250
P1K_RAW round=1 frame=291 cpu_prepare_ms=0.842625 cpu_plus_gpu_fence_ms=27.171875
P1K_RAW round=1 frame=292 cpu_prepare_ms=0.772625 cpu_plus_gpu_fence_ms=43.094500
P1K_RAW round=1 frame=293 cpu_prepare_ms=1.884167 cpu_plus_gpu_fence_ms=34.740250
P1K_RAW round=1 frame=294 cpu_prepare_ms=0.801500 cpu_plus_gpu_fence_ms=25.720375
P1K_RAW round=1 frame=295 cpu_prepare_ms=0.719958 cpu_plus_gpu_fence_ms=40.960333
P1K_RAW round=1 frame=296 cpu_prepare_ms=0.226416 cpu_plus_gpu_fence_ms=28.405541
P1K_RAW round=1 frame=297 cpu_prepare_ms=0.710333 cpu_plus_gpu_fence_ms=39.450000
P1K_RAW round=1 frame=298 cpu_prepare_ms=0.702333 cpu_plus_gpu_fence_ms=26.522750
P1K_RAW round=1 frame=299 cpu_prepare_ms=0.685167 cpu_plus_gpu_fence_ms=32.363792
P1K_RAW round=1 frame=300 cpu_prepare_ms=0.247125 cpu_plus_gpu_fence_ms=31.271750
P1K_RAW round=1 frame=301 cpu_prepare_ms=0.747667 cpu_plus_gpu_fence_ms=26.749042
P1K_RAW round=1 frame=302 cpu_prepare_ms=0.666666 cpu_plus_gpu_fence_ms=31.239166
P1K_RAW round=1 frame=303 cpu_prepare_ms=0.885042 cpu_plus_gpu_fence_ms=25.410750
P1K_RAW round=1 frame=304 cpu_prepare_ms=0.666209 cpu_plus_gpu_fence_ms=44.838834
P1K_RAW round=1 frame=305 cpu_prepare_ms=0.800584 cpu_plus_gpu_fence_ms=26.341375
P1K_RAW round=1 frame=306 cpu_prepare_ms=0.721625 cpu_plus_gpu_fence_ms=32.196625
P1K_RAW round=1 frame=307 cpu_prepare_ms=0.877333 cpu_plus_gpu_fence_ms=33.706875
P1K_RAW round=1 frame=308 cpu_prepare_ms=0.811875 cpu_plus_gpu_fence_ms=26.149667
P1K_RAW round=1 frame=309 cpu_prepare_ms=1.619000 cpu_plus_gpu_fence_ms=41.461916
P1K_RAW round=1 frame=310 cpu_prepare_ms=1.368708 cpu_plus_gpu_fence_ms=35.179458
P1K_RAW round=1 frame=311 cpu_prepare_ms=0.872958 cpu_plus_gpu_fence_ms=40.509667
P1K_RAW round=1 frame=312 cpu_prepare_ms=0.796250 cpu_plus_gpu_fence_ms=33.295416
P1K_RAW round=1 frame=313 cpu_prepare_ms=0.654000 cpu_plus_gpu_fence_ms=24.609459
P1K_RAW round=1 frame=314 cpu_prepare_ms=0.640667 cpu_plus_gpu_fence_ms=33.367250
P1K_RAW round=1 frame=315 cpu_prepare_ms=0.849791 cpu_plus_gpu_fence_ms=29.995541
P1K_RAW round=1 frame=316 cpu_prepare_ms=0.786417 cpu_plus_gpu_fence_ms=44.705750
P1K_OFFSCREEN round=1 frames=316 p95_ms=40.989208 threshold_50ms_met=true
P1K_RAW round=2 frame=1 cpu_prepare_ms=0.934500 cpu_plus_gpu_fence_ms=32.183459
P1K_RAW round=2 frame=2 cpu_prepare_ms=0.851750 cpu_plus_gpu_fence_ms=26.536125
P1K_RAW round=2 frame=3 cpu_prepare_ms=0.986917 cpu_plus_gpu_fence_ms=35.838792
P1K_RAW round=2 frame=4 cpu_prepare_ms=0.915416 cpu_plus_gpu_fence_ms=32.369250
P1K_RAW round=2 frame=5 cpu_prepare_ms=0.629042 cpu_plus_gpu_fence_ms=35.666542
P1K_RAW round=2 frame=6 cpu_prepare_ms=0.546292 cpu_plus_gpu_fence_ms=28.774250
P1K_RAW round=2 frame=7 cpu_prepare_ms=0.660959 cpu_plus_gpu_fence_ms=31.243625
P1K_RAW round=2 frame=8 cpu_prepare_ms=0.252166 cpu_plus_gpu_fence_ms=32.046500
P1K_RAW round=2 frame=9 cpu_prepare_ms=0.218042 cpu_plus_gpu_fence_ms=34.991792
P1K_RAW round=2 frame=10 cpu_prepare_ms=0.295666 cpu_plus_gpu_fence_ms=28.452666
P1K_RAW round=2 frame=11 cpu_prepare_ms=0.619375 cpu_plus_gpu_fence_ms=29.528500
P1K_RAW round=2 frame=12 cpu_prepare_ms=0.899125 cpu_plus_gpu_fence_ms=30.470000
P1K_RAW round=2 frame=13 cpu_prepare_ms=0.645625 cpu_plus_gpu_fence_ms=32.465625
P1K_RAW round=2 frame=14 cpu_prepare_ms=0.830875 cpu_plus_gpu_fence_ms=28.303917
P1K_RAW round=2 frame=15 cpu_prepare_ms=0.766334 cpu_plus_gpu_fence_ms=31.917125
P1K_RAW round=2 frame=16 cpu_prepare_ms=0.748000 cpu_plus_gpu_fence_ms=31.129500
P1K_RAW round=2 frame=17 cpu_prepare_ms=0.299750 cpu_plus_gpu_fence_ms=32.580000
P1K_RAW round=2 frame=18 cpu_prepare_ms=0.274750 cpu_plus_gpu_fence_ms=33.333042
P1K_RAW round=2 frame=19 cpu_prepare_ms=0.233125 cpu_plus_gpu_fence_ms=47.638083
P1K_RAW round=2 frame=20 cpu_prepare_ms=1.416375 cpu_plus_gpu_fence_ms=39.416833
P1K_RAW round=2 frame=21 cpu_prepare_ms=0.237500 cpu_plus_gpu_fence_ms=38.633416
P1K_RAW round=2 frame=22 cpu_prepare_ms=0.693000 cpu_plus_gpu_fence_ms=31.660958
P1K_RAW round=2 frame=23 cpu_prepare_ms=2.980625 cpu_plus_gpu_fence_ms=26.360417
P1K_RAW round=2 frame=24 cpu_prepare_ms=0.717500 cpu_plus_gpu_fence_ms=39.303417
P1K_RAW round=2 frame=25 cpu_prepare_ms=1.885125 cpu_plus_gpu_fence_ms=32.104417
P1K_RAW round=2 frame=26 cpu_prepare_ms=0.631625 cpu_plus_gpu_fence_ms=27.756167
P1K_RAW round=2 frame=27 cpu_prepare_ms=0.854625 cpu_plus_gpu_fence_ms=30.074750
P1K_RAW round=2 frame=28 cpu_prepare_ms=0.757042 cpu_plus_gpu_fence_ms=29.757625
P1K_RAW round=2 frame=29 cpu_prepare_ms=0.906417 cpu_plus_gpu_fence_ms=25.463500
P1K_RAW round=2 frame=30 cpu_prepare_ms=0.655333 cpu_plus_gpu_fence_ms=23.498125
P1K_RAW round=2 frame=31 cpu_prepare_ms=1.726334 cpu_plus_gpu_fence_ms=35.519750
P1K_RAW round=2 frame=32 cpu_prepare_ms=0.644833 cpu_plus_gpu_fence_ms=33.946125
P1K_RAW round=2 frame=33 cpu_prepare_ms=0.535459 cpu_plus_gpu_fence_ms=28.682459
P1K_RAW round=2 frame=34 cpu_prepare_ms=0.654375 cpu_plus_gpu_fence_ms=27.636291
P1K_RAW round=2 frame=35 cpu_prepare_ms=0.839292 cpu_plus_gpu_fence_ms=31.219083
P1K_RAW round=2 frame=36 cpu_prepare_ms=0.845959 cpu_plus_gpu_fence_ms=47.293292
P1K_RAW round=2 frame=37 cpu_prepare_ms=0.251208 cpu_plus_gpu_fence_ms=29.221417
P1K_RAW round=2 frame=38 cpu_prepare_ms=0.607500 cpu_plus_gpu_fence_ms=26.459917
P1K_RAW round=2 frame=39 cpu_prepare_ms=1.244666 cpu_plus_gpu_fence_ms=39.344666
P1K_RAW round=2 frame=40 cpu_prepare_ms=0.893042 cpu_plus_gpu_fence_ms=29.941167
P1K_RAW round=2 frame=41 cpu_prepare_ms=0.879875 cpu_plus_gpu_fence_ms=34.698584
P1K_RAW round=2 frame=42 cpu_prepare_ms=2.640417 cpu_plus_gpu_fence_ms=39.532417
P1K_RAW round=2 frame=43 cpu_prepare_ms=0.889667 cpu_plus_gpu_fence_ms=31.701417
P1K_RAW round=2 frame=44 cpu_prepare_ms=0.861458 cpu_plus_gpu_fence_ms=26.998125
P1K_RAW round=2 frame=45 cpu_prepare_ms=0.910041 cpu_plus_gpu_fence_ms=37.287916
P1K_RAW round=2 frame=46 cpu_prepare_ms=0.639833 cpu_plus_gpu_fence_ms=42.134042
P1K_RAW round=2 frame=47 cpu_prepare_ms=0.227458 cpu_plus_gpu_fence_ms=22.821708
P1K_RAW round=2 frame=48 cpu_prepare_ms=1.845416 cpu_plus_gpu_fence_ms=26.895250
P1K_RAW round=2 frame=49 cpu_prepare_ms=0.630959 cpu_plus_gpu_fence_ms=38.893542
P1K_RAW round=2 frame=50 cpu_prepare_ms=2.143333 cpu_plus_gpu_fence_ms=34.755916
P1K_RAW round=2 frame=51 cpu_prepare_ms=0.211917 cpu_plus_gpu_fence_ms=26.754625
P1K_RAW round=2 frame=52 cpu_prepare_ms=1.006750 cpu_plus_gpu_fence_ms=26.176125
P1K_RAW round=2 frame=53 cpu_prepare_ms=0.738917 cpu_plus_gpu_fence_ms=27.121875
P1K_RAW round=2 frame=54 cpu_prepare_ms=0.888292 cpu_plus_gpu_fence_ms=24.729209
P1K_RAW round=2 frame=55 cpu_prepare_ms=0.706750 cpu_plus_gpu_fence_ms=28.286500
P1K_RAW round=2 frame=56 cpu_prepare_ms=0.657833 cpu_plus_gpu_fence_ms=34.501208
P1K_RAW round=2 frame=57 cpu_prepare_ms=0.741750 cpu_plus_gpu_fence_ms=26.087333
P1K_RAW round=2 frame=58 cpu_prepare_ms=0.549541 cpu_plus_gpu_fence_ms=33.071375
P1K_RAW round=2 frame=59 cpu_prepare_ms=0.671334 cpu_plus_gpu_fence_ms=26.528834
P1K_RAW round=2 frame=60 cpu_prepare_ms=0.957250 cpu_plus_gpu_fence_ms=28.325125
P1K_RAW round=2 frame=61 cpu_prepare_ms=0.712833 cpu_plus_gpu_fence_ms=32.339792
P1K_RAW round=2 frame=62 cpu_prepare_ms=0.226125 cpu_plus_gpu_fence_ms=22.583792
P1K_RAW round=2 frame=63 cpu_prepare_ms=0.807083 cpu_plus_gpu_fence_ms=28.035833
P1K_RAW round=2 frame=64 cpu_prepare_ms=0.929875 cpu_plus_gpu_fence_ms=23.530667
P1K_RAW round=2 frame=65 cpu_prepare_ms=0.660334 cpu_plus_gpu_fence_ms=28.227792
P1K_RAW round=2 frame=66 cpu_prepare_ms=0.549333 cpu_plus_gpu_fence_ms=31.095708
P1K_RAW round=2 frame=67 cpu_prepare_ms=0.244459 cpu_plus_gpu_fence_ms=25.999500
P1K_RAW round=2 frame=68 cpu_prepare_ms=0.783125 cpu_plus_gpu_fence_ms=28.917041
P1K_RAW round=2 frame=69 cpu_prepare_ms=0.730917 cpu_plus_gpu_fence_ms=27.838125
P1K_RAW round=2 frame=70 cpu_prepare_ms=0.578375 cpu_plus_gpu_fence_ms=31.787750
P1K_RAW round=2 frame=71 cpu_prepare_ms=0.697791 cpu_plus_gpu_fence_ms=25.484666
P1K_RAW round=2 frame=72 cpu_prepare_ms=0.708291 cpu_plus_gpu_fence_ms=30.825916
P1K_RAW round=2 frame=73 cpu_prepare_ms=0.796292 cpu_plus_gpu_fence_ms=35.700250
P1K_RAW round=2 frame=74 cpu_prepare_ms=0.640500 cpu_plus_gpu_fence_ms=35.014333
P1K_RAW round=2 frame=75 cpu_prepare_ms=0.205584 cpu_plus_gpu_fence_ms=24.498917
P1K_RAW round=2 frame=76 cpu_prepare_ms=0.637250 cpu_plus_gpu_fence_ms=25.445792
P1K_RAW round=2 frame=77 cpu_prepare_ms=0.704625 cpu_plus_gpu_fence_ms=28.076375
P1K_RAW round=2 frame=78 cpu_prepare_ms=0.602917 cpu_plus_gpu_fence_ms=38.373958
P1K_RAW round=2 frame=79 cpu_prepare_ms=0.249875 cpu_plus_gpu_fence_ms=44.743042
P1K_RAW round=2 frame=80 cpu_prepare_ms=0.740250 cpu_plus_gpu_fence_ms=26.892000
P1K_RAW round=2 frame=81 cpu_prepare_ms=0.857000 cpu_plus_gpu_fence_ms=33.128833
P1K_RAW round=2 frame=82 cpu_prepare_ms=0.797708 cpu_plus_gpu_fence_ms=29.220125
P1K_RAW round=2 frame=83 cpu_prepare_ms=0.681750 cpu_plus_gpu_fence_ms=28.247458
P1K_RAW round=2 frame=84 cpu_prepare_ms=2.476166 cpu_plus_gpu_fence_ms=27.609708
P1K_RAW round=2 frame=85 cpu_prepare_ms=0.929917 cpu_plus_gpu_fence_ms=30.484875
P1K_RAW round=2 frame=86 cpu_prepare_ms=0.760208 cpu_plus_gpu_fence_ms=27.390000
P1K_RAW round=2 frame=87 cpu_prepare_ms=0.657041 cpu_plus_gpu_fence_ms=31.210916
P1K_RAW round=2 frame=88 cpu_prepare_ms=0.819958 cpu_plus_gpu_fence_ms=39.174458
P1K_RAW round=2 frame=89 cpu_prepare_ms=0.290292 cpu_plus_gpu_fence_ms=30.101792
P1K_RAW round=2 frame=90 cpu_prepare_ms=0.745292 cpu_plus_gpu_fence_ms=26.972917
P1K_RAW round=2 frame=91 cpu_prepare_ms=0.623250 cpu_plus_gpu_fence_ms=30.319000
P1K_RAW round=2 frame=92 cpu_prepare_ms=0.727792 cpu_plus_gpu_fence_ms=29.239459
P1K_RAW round=2 frame=93 cpu_prepare_ms=0.754625 cpu_plus_gpu_fence_ms=29.529875
P1K_RAW round=2 frame=94 cpu_prepare_ms=0.653667 cpu_plus_gpu_fence_ms=34.768959
P1K_RAW round=2 frame=95 cpu_prepare_ms=1.683000 cpu_plus_gpu_fence_ms=25.802292
P1K_RAW round=2 frame=96 cpu_prepare_ms=2.670750 cpu_plus_gpu_fence_ms=42.383750
P1K_RAW round=2 frame=97 cpu_prepare_ms=1.505416 cpu_plus_gpu_fence_ms=27.224708
P1K_RAW round=2 frame=98 cpu_prepare_ms=0.544167 cpu_plus_gpu_fence_ms=24.051167
P1K_RAW round=2 frame=99 cpu_prepare_ms=0.604125 cpu_plus_gpu_fence_ms=27.873042
P1K_RAW round=2 frame=100 cpu_prepare_ms=0.663916 cpu_plus_gpu_fence_ms=28.602833
P1K_RAW round=2 frame=101 cpu_prepare_ms=0.620375 cpu_plus_gpu_fence_ms=27.573250
P1K_RAW round=2 frame=102 cpu_prepare_ms=0.714708 cpu_plus_gpu_fence_ms=40.262375
P1K_RAW round=2 frame=103 cpu_prepare_ms=0.251959 cpu_plus_gpu_fence_ms=30.782625
P1K_RAW round=2 frame=104 cpu_prepare_ms=0.719416 cpu_plus_gpu_fence_ms=32.502208
P1K_RAW round=2 frame=105 cpu_prepare_ms=0.273000 cpu_plus_gpu_fence_ms=26.195959
P1K_RAW round=2 frame=106 cpu_prepare_ms=0.745292 cpu_plus_gpu_fence_ms=28.476667
P1K_RAW round=2 frame=107 cpu_prepare_ms=0.799834 cpu_plus_gpu_fence_ms=37.441292
P1K_RAW round=2 frame=108 cpu_prepare_ms=0.215584 cpu_plus_gpu_fence_ms=23.762167
P1K_RAW round=2 frame=109 cpu_prepare_ms=1.282375 cpu_plus_gpu_fence_ms=25.911834
P1K_RAW round=2 frame=110 cpu_prepare_ms=0.919500 cpu_plus_gpu_fence_ms=33.612000
P1K_RAW round=2 frame=111 cpu_prepare_ms=2.495583 cpu_plus_gpu_fence_ms=33.896500
P1K_RAW round=2 frame=112 cpu_prepare_ms=1.377542 cpu_plus_gpu_fence_ms=26.238583
P1K_RAW round=2 frame=113 cpu_prepare_ms=0.899500 cpu_plus_gpu_fence_ms=29.050375
P1K_RAW round=2 frame=114 cpu_prepare_ms=0.852375 cpu_plus_gpu_fence_ms=27.808834
P1K_RAW round=2 frame=115 cpu_prepare_ms=0.710750 cpu_plus_gpu_fence_ms=26.337958
P1K_RAW round=2 frame=116 cpu_prepare_ms=0.687208 cpu_plus_gpu_fence_ms=36.898708
P1K_RAW round=2 frame=117 cpu_prepare_ms=0.676917 cpu_plus_gpu_fence_ms=29.163584
P1K_RAW round=2 frame=118 cpu_prepare_ms=0.761625 cpu_plus_gpu_fence_ms=37.575708
P1K_RAW round=2 frame=119 cpu_prepare_ms=0.685958 cpu_plus_gpu_fence_ms=26.843208
P1K_RAW round=2 frame=120 cpu_prepare_ms=0.624209 cpu_plus_gpu_fence_ms=33.880875
P1K_RAW round=2 frame=121 cpu_prepare_ms=0.783333 cpu_plus_gpu_fence_ms=40.292917
P1K_RAW round=2 frame=122 cpu_prepare_ms=0.277750 cpu_plus_gpu_fence_ms=27.471542
P1K_RAW round=2 frame=123 cpu_prepare_ms=0.308583 cpu_plus_gpu_fence_ms=25.744250
P1K_RAW round=2 frame=124 cpu_prepare_ms=0.222750 cpu_plus_gpu_fence_ms=27.632208
P1K_RAW round=2 frame=125 cpu_prepare_ms=0.244625 cpu_plus_gpu_fence_ms=25.927584
P1K_RAW round=2 frame=126 cpu_prepare_ms=0.324375 cpu_plus_gpu_fence_ms=25.758250
P1K_RAW round=2 frame=127 cpu_prepare_ms=0.271916 cpu_plus_gpu_fence_ms=26.406541
P1K_RAW round=2 frame=128 cpu_prepare_ms=0.226459 cpu_plus_gpu_fence_ms=34.915792
P1K_RAW round=2 frame=129 cpu_prepare_ms=0.572959 cpu_plus_gpu_fence_ms=27.315209
P1K_RAW round=2 frame=130 cpu_prepare_ms=0.693375 cpu_plus_gpu_fence_ms=25.895791
P1K_RAW round=2 frame=131 cpu_prepare_ms=0.726875 cpu_plus_gpu_fence_ms=29.625292
P1K_RAW round=2 frame=132 cpu_prepare_ms=0.944375 cpu_plus_gpu_fence_ms=30.945791
P1K_RAW round=2 frame=133 cpu_prepare_ms=0.813708 cpu_plus_gpu_fence_ms=32.401916
P1K_RAW round=2 frame=134 cpu_prepare_ms=0.735375 cpu_plus_gpu_fence_ms=24.927250
P1K_RAW round=2 frame=135 cpu_prepare_ms=0.786625 cpu_plus_gpu_fence_ms=27.419917
P1K_RAW round=2 frame=136 cpu_prepare_ms=0.740833 cpu_plus_gpu_fence_ms=26.520208
P1K_RAW round=2 frame=137 cpu_prepare_ms=0.736959 cpu_plus_gpu_fence_ms=28.337667
P1K_RAW round=2 frame=138 cpu_prepare_ms=0.763333 cpu_plus_gpu_fence_ms=29.043667
P1K_RAW round=2 frame=139 cpu_prepare_ms=0.914167 cpu_plus_gpu_fence_ms=41.836959
P1K_RAW round=2 frame=140 cpu_prepare_ms=0.897500 cpu_plus_gpu_fence_ms=30.156584
P1K_RAW round=2 frame=141 cpu_prepare_ms=2.375125 cpu_plus_gpu_fence_ms=36.359583
P1K_RAW round=2 frame=142 cpu_prepare_ms=0.846416 cpu_plus_gpu_fence_ms=32.839250
P1K_RAW round=2 frame=143 cpu_prepare_ms=0.716500 cpu_plus_gpu_fence_ms=34.583750
P1K_RAW round=2 frame=144 cpu_prepare_ms=0.605417 cpu_plus_gpu_fence_ms=40.766709
P1K_RAW round=2 frame=145 cpu_prepare_ms=0.276583 cpu_plus_gpu_fence_ms=25.836750
P1K_RAW round=2 frame=146 cpu_prepare_ms=0.747250 cpu_plus_gpu_fence_ms=25.708125
P1K_RAW round=2 frame=147 cpu_prepare_ms=0.750417 cpu_plus_gpu_fence_ms=26.142459
P1K_RAW round=2 frame=148 cpu_prepare_ms=0.627959 cpu_plus_gpu_fence_ms=27.293375
P1K_RAW round=2 frame=149 cpu_prepare_ms=0.827917 cpu_plus_gpu_fence_ms=37.521417
P1K_RAW round=2 frame=150 cpu_prepare_ms=0.637083 cpu_plus_gpu_fence_ms=26.024958
P1K_RAW round=2 frame=151 cpu_prepare_ms=0.785625 cpu_plus_gpu_fence_ms=32.601875
P1K_RAW round=2 frame=152 cpu_prepare_ms=0.740042 cpu_plus_gpu_fence_ms=26.666250
P1K_RAW round=2 frame=153 cpu_prepare_ms=0.718250 cpu_plus_gpu_fence_ms=26.315959
P1K_RAW round=2 frame=154 cpu_prepare_ms=2.667084 cpu_plus_gpu_fence_ms=27.556375
P1K_RAW round=2 frame=155 cpu_prepare_ms=0.651750 cpu_plus_gpu_fence_ms=28.009250
P1K_RAW round=2 frame=156 cpu_prepare_ms=0.692500 cpu_plus_gpu_fence_ms=28.309583
P1K_RAW round=2 frame=157 cpu_prepare_ms=2.886292 cpu_plus_gpu_fence_ms=29.914333
P1K_RAW round=2 frame=158 cpu_prepare_ms=1.454375 cpu_plus_gpu_fence_ms=29.281166
P1K_RAW round=2 frame=159 cpu_prepare_ms=0.781917 cpu_plus_gpu_fence_ms=28.571625
P1K_RAW round=2 frame=160 cpu_prepare_ms=0.838958 cpu_plus_gpu_fence_ms=26.910041
P1K_RAW round=2 frame=161 cpu_prepare_ms=0.622958 cpu_plus_gpu_fence_ms=24.263375
P1K_RAW round=2 frame=162 cpu_prepare_ms=0.700667 cpu_plus_gpu_fence_ms=23.787125
P1K_RAW round=2 frame=163 cpu_prepare_ms=0.733250 cpu_plus_gpu_fence_ms=30.285167
P1K_RAW round=2 frame=164 cpu_prepare_ms=0.679833 cpu_plus_gpu_fence_ms=31.138917
P1K_RAW round=2 frame=165 cpu_prepare_ms=0.674666 cpu_plus_gpu_fence_ms=43.869958
P1K_RAW round=2 frame=166 cpu_prepare_ms=0.716875 cpu_plus_gpu_fence_ms=33.942417
P1K_RAW round=2 frame=167 cpu_prepare_ms=2.037583 cpu_plus_gpu_fence_ms=26.260250
P1K_RAW round=2 frame=168 cpu_prepare_ms=0.679958 cpu_plus_gpu_fence_ms=38.437250
P1K_RAW round=2 frame=169 cpu_prepare_ms=0.588375 cpu_plus_gpu_fence_ms=27.291208
P1K_RAW round=2 frame=170 cpu_prepare_ms=0.608708 cpu_plus_gpu_fence_ms=26.173000
P1K_RAW round=2 frame=171 cpu_prepare_ms=0.706708 cpu_plus_gpu_fence_ms=30.868500
P1K_RAW round=2 frame=172 cpu_prepare_ms=5.566875 cpu_plus_gpu_fence_ms=51.692625
P1K_RAW round=2 frame=173 cpu_prepare_ms=2.233417 cpu_plus_gpu_fence_ms=25.577333
P1K_RAW round=2 frame=174 cpu_prepare_ms=0.736666 cpu_plus_gpu_fence_ms=33.949541
P1K_RAW round=2 frame=175 cpu_prepare_ms=0.706125 cpu_plus_gpu_fence_ms=27.220958
P1K_RAW round=2 frame=176 cpu_prepare_ms=0.571375 cpu_plus_gpu_fence_ms=28.716125
P1K_RAW round=2 frame=177 cpu_prepare_ms=0.747500 cpu_plus_gpu_fence_ms=26.549125
P1K_RAW round=2 frame=178 cpu_prepare_ms=0.756333 cpu_plus_gpu_fence_ms=25.288041
P1K_RAW round=2 frame=179 cpu_prepare_ms=0.660708 cpu_plus_gpu_fence_ms=28.572833
P1K_RAW round=2 frame=180 cpu_prepare_ms=0.348625 cpu_plus_gpu_fence_ms=42.094667
P1K_RAW round=2 frame=181 cpu_prepare_ms=0.257584 cpu_plus_gpu_fence_ms=29.467750
P1K_RAW round=2 frame=182 cpu_prepare_ms=0.273708 cpu_plus_gpu_fence_ms=25.084000
P1K_RAW round=2 frame=183 cpu_prepare_ms=0.237167 cpu_plus_gpu_fence_ms=36.417958
P1K_RAW round=2 frame=184 cpu_prepare_ms=0.226125 cpu_plus_gpu_fence_ms=21.449791
P1K_RAW round=2 frame=185 cpu_prepare_ms=0.185833 cpu_plus_gpu_fence_ms=34.873750
P1K_RAW round=2 frame=186 cpu_prepare_ms=0.250125 cpu_plus_gpu_fence_ms=30.142000
P1K_RAW round=2 frame=187 cpu_prepare_ms=0.213958 cpu_plus_gpu_fence_ms=35.401083
P1K_RAW round=2 frame=188 cpu_prepare_ms=0.209417 cpu_plus_gpu_fence_ms=26.403625
P1K_RAW round=2 frame=189 cpu_prepare_ms=0.858750 cpu_plus_gpu_fence_ms=32.022959
P1K_RAW round=2 frame=190 cpu_prepare_ms=0.743333 cpu_plus_gpu_fence_ms=38.916958
P1K_RAW round=2 frame=191 cpu_prepare_ms=0.759833 cpu_plus_gpu_fence_ms=27.592042
P1K_RAW round=2 frame=192 cpu_prepare_ms=4.919875 cpu_plus_gpu_fence_ms=29.867667
P1K_RAW round=2 frame=193 cpu_prepare_ms=0.606208 cpu_plus_gpu_fence_ms=34.240500
P1K_RAW round=2 frame=194 cpu_prepare_ms=0.275625 cpu_plus_gpu_fence_ms=27.569292
P1K_RAW round=2 frame=195 cpu_prepare_ms=0.228750 cpu_plus_gpu_fence_ms=29.293667
P1K_RAW round=2 frame=196 cpu_prepare_ms=0.203917 cpu_plus_gpu_fence_ms=32.370667
P1K_RAW round=2 frame=197 cpu_prepare_ms=0.849417 cpu_plus_gpu_fence_ms=27.523875
P1K_RAW round=2 frame=198 cpu_prepare_ms=0.823333 cpu_plus_gpu_fence_ms=25.453791
P1K_RAW round=2 frame=199 cpu_prepare_ms=1.434750 cpu_plus_gpu_fence_ms=36.433334
P1K_RAW round=2 frame=200 cpu_prepare_ms=0.239959 cpu_plus_gpu_fence_ms=38.996250
P1K_RAW round=2 frame=201 cpu_prepare_ms=0.905250 cpu_plus_gpu_fence_ms=30.473750
P1K_RAW round=2 frame=202 cpu_prepare_ms=0.758208 cpu_plus_gpu_fence_ms=25.996541
P1K_RAW round=2 frame=203 cpu_prepare_ms=0.988416 cpu_plus_gpu_fence_ms=25.885083
P1K_RAW round=2 frame=204 cpu_prepare_ms=1.085375 cpu_plus_gpu_fence_ms=26.859666
P1K_RAW round=2 frame=205 cpu_prepare_ms=0.787333 cpu_plus_gpu_fence_ms=36.805791
P1K_RAW round=2 frame=206 cpu_prepare_ms=0.327083 cpu_plus_gpu_fence_ms=34.188875
P1K_RAW round=2 frame=207 cpu_prepare_ms=0.869167 cpu_plus_gpu_fence_ms=34.492250
P1K_RAW round=2 frame=208 cpu_prepare_ms=0.205166 cpu_plus_gpu_fence_ms=34.561875
P1K_RAW round=2 frame=209 cpu_prepare_ms=0.732250 cpu_plus_gpu_fence_ms=25.735250
P1K_RAW round=2 frame=210 cpu_prepare_ms=3.390958 cpu_plus_gpu_fence_ms=27.420375
P1K_RAW round=2 frame=211 cpu_prepare_ms=0.591166 cpu_plus_gpu_fence_ms=35.573333
P1K_RAW round=2 frame=212 cpu_prepare_ms=0.625333 cpu_plus_gpu_fence_ms=32.843667
P1K_RAW round=2 frame=213 cpu_prepare_ms=2.808625 cpu_plus_gpu_fence_ms=30.022792
P1K_RAW round=2 frame=214 cpu_prepare_ms=0.725041 cpu_plus_gpu_fence_ms=39.296375
P1K_RAW round=2 frame=215 cpu_prepare_ms=2.135458 cpu_plus_gpu_fence_ms=25.804667
P1K_RAW round=2 frame=216 cpu_prepare_ms=0.583959 cpu_plus_gpu_fence_ms=31.778500
P1K_RAW round=2 frame=217 cpu_prepare_ms=0.665125 cpu_plus_gpu_fence_ms=29.808750
P1K_RAW round=2 frame=218 cpu_prepare_ms=0.771375 cpu_plus_gpu_fence_ms=29.165042
P1K_RAW round=2 frame=219 cpu_prepare_ms=0.755917 cpu_plus_gpu_fence_ms=28.343709
P1K_RAW round=2 frame=220 cpu_prepare_ms=0.657208 cpu_plus_gpu_fence_ms=31.862791
P1K_RAW round=2 frame=221 cpu_prepare_ms=0.614000 cpu_plus_gpu_fence_ms=28.246167
P1K_RAW round=2 frame=222 cpu_prepare_ms=1.138709 cpu_plus_gpu_fence_ms=34.369875
P1K_RAW round=2 frame=223 cpu_prepare_ms=3.478750 cpu_plus_gpu_fence_ms=32.258583
P1K_RAW round=2 frame=224 cpu_prepare_ms=0.771167 cpu_plus_gpu_fence_ms=29.856625
P1K_RAW round=2 frame=225 cpu_prepare_ms=2.841875 cpu_plus_gpu_fence_ms=30.701084
P1K_RAW round=2 frame=226 cpu_prepare_ms=0.670791 cpu_plus_gpu_fence_ms=33.287583
P1K_RAW round=2 frame=227 cpu_prepare_ms=0.828459 cpu_plus_gpu_fence_ms=45.294167
P1K_RAW round=2 frame=228 cpu_prepare_ms=0.211584 cpu_plus_gpu_fence_ms=27.516917
P1K_RAW round=2 frame=229 cpu_prepare_ms=0.762083 cpu_plus_gpu_fence_ms=34.604791
P1K_RAW round=2 frame=230 cpu_prepare_ms=0.243000 cpu_plus_gpu_fence_ms=38.867875
P1K_RAW round=2 frame=231 cpu_prepare_ms=1.033000 cpu_plus_gpu_fence_ms=28.270166
P1K_RAW round=2 frame=232 cpu_prepare_ms=0.582667 cpu_plus_gpu_fence_ms=29.186500
P1K_RAW round=2 frame=233 cpu_prepare_ms=0.673292 cpu_plus_gpu_fence_ms=28.082375
P1K_RAW round=2 frame=234 cpu_prepare_ms=2.269292 cpu_plus_gpu_fence_ms=41.262208
P1K_RAW round=2 frame=235 cpu_prepare_ms=1.037875 cpu_plus_gpu_fence_ms=32.514375
P1K_RAW round=2 frame=236 cpu_prepare_ms=0.242916 cpu_plus_gpu_fence_ms=28.313041
P1K_RAW round=2 frame=237 cpu_prepare_ms=0.597375 cpu_plus_gpu_fence_ms=29.360791
P1K_RAW round=2 frame=238 cpu_prepare_ms=0.896958 cpu_plus_gpu_fence_ms=32.307125
P1K_RAW round=2 frame=239 cpu_prepare_ms=0.628167 cpu_plus_gpu_fence_ms=28.171542
P1K_RAW round=2 frame=240 cpu_prepare_ms=0.526125 cpu_plus_gpu_fence_ms=26.816584
P1K_RAW round=2 frame=241 cpu_prepare_ms=0.623500 cpu_plus_gpu_fence_ms=32.404334
P1K_RAW round=2 frame=242 cpu_prepare_ms=0.618250 cpu_plus_gpu_fence_ms=34.040958
P1K_RAW round=2 frame=243 cpu_prepare_ms=0.847708 cpu_plus_gpu_fence_ms=28.037916
P1K_RAW round=2 frame=244 cpu_prepare_ms=6.895292 cpu_plus_gpu_fence_ms=29.265459
P1K_RAW round=2 frame=245 cpu_prepare_ms=0.623958 cpu_plus_gpu_fence_ms=33.123708
P1K_RAW round=2 frame=246 cpu_prepare_ms=0.787625 cpu_plus_gpu_fence_ms=31.347833
P1K_RAW round=2 frame=247 cpu_prepare_ms=0.521042 cpu_plus_gpu_fence_ms=28.709625
P1K_RAW round=2 frame=248 cpu_prepare_ms=0.558291 cpu_plus_gpu_fence_ms=27.595791
P1K_RAW round=2 frame=249 cpu_prepare_ms=0.597042 cpu_plus_gpu_fence_ms=24.414250
P1K_RAW round=2 frame=250 cpu_prepare_ms=0.617125 cpu_plus_gpu_fence_ms=26.289292
P1K_RAW round=2 frame=251 cpu_prepare_ms=0.605958 cpu_plus_gpu_fence_ms=27.755791
P1K_RAW round=2 frame=252 cpu_prepare_ms=0.877833 cpu_plus_gpu_fence_ms=26.923708
P1K_RAW round=2 frame=253 cpu_prepare_ms=0.689625 cpu_plus_gpu_fence_ms=30.966042
P1K_RAW round=2 frame=254 cpu_prepare_ms=0.572834 cpu_plus_gpu_fence_ms=26.676500
P1K_RAW round=2 frame=255 cpu_prepare_ms=0.612709 cpu_plus_gpu_fence_ms=34.594375
P1K_RAW round=2 frame=256 cpu_prepare_ms=0.671833 cpu_plus_gpu_fence_ms=31.315292
P1K_RAW round=2 frame=257 cpu_prepare_ms=0.644417 cpu_plus_gpu_fence_ms=27.576000
P1K_RAW round=2 frame=258 cpu_prepare_ms=0.673959 cpu_plus_gpu_fence_ms=31.476167
P1K_RAW round=2 frame=259 cpu_prepare_ms=0.784458 cpu_plus_gpu_fence_ms=30.221416
P1K_RAW round=2 frame=260 cpu_prepare_ms=0.736792 cpu_plus_gpu_fence_ms=31.934000
P1K_RAW round=2 frame=261 cpu_prepare_ms=1.933541 cpu_plus_gpu_fence_ms=29.340375
P1K_RAW round=2 frame=262 cpu_prepare_ms=0.554916 cpu_plus_gpu_fence_ms=25.407000
P1K_RAW round=2 frame=263 cpu_prepare_ms=0.653459 cpu_plus_gpu_fence_ms=35.205334
P1K_RAW round=2 frame=264 cpu_prepare_ms=0.648583 cpu_plus_gpu_fence_ms=28.402458
P1K_RAW round=2 frame=265 cpu_prepare_ms=0.612166 cpu_plus_gpu_fence_ms=28.909708
P1K_RAW round=2 frame=266 cpu_prepare_ms=0.680042 cpu_plus_gpu_fence_ms=28.051042
P1K_RAW round=2 frame=267 cpu_prepare_ms=0.743000 cpu_plus_gpu_fence_ms=32.302667
P1K_RAW round=2 frame=268 cpu_prepare_ms=0.547958 cpu_plus_gpu_fence_ms=26.561708
P1K_RAW round=2 frame=269 cpu_prepare_ms=0.900042 cpu_plus_gpu_fence_ms=30.076833
P1K_RAW round=2 frame=270 cpu_prepare_ms=0.701208 cpu_plus_gpu_fence_ms=28.132458
P1K_RAW round=2 frame=271 cpu_prepare_ms=0.885750 cpu_plus_gpu_fence_ms=27.620250
P1K_RAW round=2 frame=272 cpu_prepare_ms=0.580083 cpu_plus_gpu_fence_ms=27.324375
P1K_RAW round=2 frame=273 cpu_prepare_ms=1.814875 cpu_plus_gpu_fence_ms=25.325625
P1K_RAW round=2 frame=274 cpu_prepare_ms=0.729042 cpu_plus_gpu_fence_ms=27.049875
P1K_RAW round=2 frame=275 cpu_prepare_ms=1.229375 cpu_plus_gpu_fence_ms=31.927750
P1K_RAW round=2 frame=276 cpu_prepare_ms=3.142084 cpu_plus_gpu_fence_ms=34.172417
P1K_RAW round=2 frame=277 cpu_prepare_ms=0.721292 cpu_plus_gpu_fence_ms=37.476375
P1K_RAW round=2 frame=278 cpu_prepare_ms=0.275334 cpu_plus_gpu_fence_ms=28.240167
P1K_RAW round=2 frame=279 cpu_prepare_ms=1.994542 cpu_plus_gpu_fence_ms=36.551375
P1K_RAW round=2 frame=280 cpu_prepare_ms=0.707709 cpu_plus_gpu_fence_ms=54.025167
P1K_RAW round=2 frame=281 cpu_prepare_ms=0.225542 cpu_plus_gpu_fence_ms=25.563000
P1K_RAW round=2 frame=282 cpu_prepare_ms=0.630458 cpu_plus_gpu_fence_ms=37.516875
P1K_RAW round=2 frame=283 cpu_prepare_ms=0.703709 cpu_plus_gpu_fence_ms=31.699084
P1K_RAW round=2 frame=284 cpu_prepare_ms=0.952292 cpu_plus_gpu_fence_ms=32.444167
P1K_RAW round=2 frame=285 cpu_prepare_ms=0.266500 cpu_plus_gpu_fence_ms=34.921542
P1K_RAW round=2 frame=286 cpu_prepare_ms=0.242625 cpu_plus_gpu_fence_ms=57.690875
P1K_RAW round=2 frame=287 cpu_prepare_ms=0.268875 cpu_plus_gpu_fence_ms=35.858166
P1K_RAW round=2 frame=288 cpu_prepare_ms=0.233375 cpu_plus_gpu_fence_ms=24.513042
P1K_RAW round=2 frame=289 cpu_prepare_ms=0.582625 cpu_plus_gpu_fence_ms=22.093291
P1K_RAW round=2 frame=290 cpu_prepare_ms=0.647875 cpu_plus_gpu_fence_ms=38.683667
P1K_RAW round=2 frame=291 cpu_prepare_ms=0.746083 cpu_plus_gpu_fence_ms=27.026833
P1K_RAW round=2 frame=292 cpu_prepare_ms=0.742375 cpu_plus_gpu_fence_ms=36.932959
P1K_RAW round=2 frame=293 cpu_prepare_ms=0.667125 cpu_plus_gpu_fence_ms=27.524292
P1K_RAW round=2 frame=294 cpu_prepare_ms=0.730166 cpu_plus_gpu_fence_ms=26.757541
P1K_RAW round=2 frame=295 cpu_prepare_ms=0.588542 cpu_plus_gpu_fence_ms=28.506417
P1K_RAW round=2 frame=296 cpu_prepare_ms=0.713000 cpu_plus_gpu_fence_ms=45.077000
P1K_RAW round=2 frame=297 cpu_prepare_ms=0.257625 cpu_plus_gpu_fence_ms=31.857500
P1K_RAW round=2 frame=298 cpu_prepare_ms=1.859458 cpu_plus_gpu_fence_ms=34.430417
P1K_RAW round=2 frame=299 cpu_prepare_ms=0.727125 cpu_plus_gpu_fence_ms=31.761833
P1K_RAW round=2 frame=300 cpu_prepare_ms=0.603416 cpu_plus_gpu_fence_ms=31.217750
P1K_RAW round=2 frame=301 cpu_prepare_ms=0.228833 cpu_plus_gpu_fence_ms=22.590125
P1K_RAW round=2 frame=302 cpu_prepare_ms=0.770125 cpu_plus_gpu_fence_ms=28.330583
P1K_RAW round=2 frame=303 cpu_prepare_ms=0.605334 cpu_plus_gpu_fence_ms=35.067709
P1K_RAW round=2 frame=304 cpu_prepare_ms=1.327000 cpu_plus_gpu_fence_ms=24.886417
P1K_RAW round=2 frame=305 cpu_prepare_ms=0.784500 cpu_plus_gpu_fence_ms=26.942042
P1K_RAW round=2 frame=306 cpu_prepare_ms=0.265958 cpu_plus_gpu_fence_ms=38.745458
P1K_RAW round=2 frame=307 cpu_prepare_ms=0.223000 cpu_plus_gpu_fence_ms=25.652750
P1K_RAW round=2 frame=308 cpu_prepare_ms=0.843791 cpu_plus_gpu_fence_ms=37.615666
P1K_RAW round=2 frame=309 cpu_prepare_ms=0.802292 cpu_plus_gpu_fence_ms=39.944292
P1K_RAW round=2 frame=310 cpu_prepare_ms=0.255333 cpu_plus_gpu_fence_ms=25.660667
P1K_RAW round=2 frame=311 cpu_prepare_ms=0.765167 cpu_plus_gpu_fence_ms=30.194542
P1K_RAW round=2 frame=312 cpu_prepare_ms=0.649417 cpu_plus_gpu_fence_ms=27.248542
P1K_RAW round=2 frame=313 cpu_prepare_ms=0.659500 cpu_plus_gpu_fence_ms=27.722584
P1K_RAW round=2 frame=314 cpu_prepare_ms=2.217958 cpu_plus_gpu_fence_ms=38.148292
P1K_RAW round=2 frame=315 cpu_prepare_ms=2.323583 cpu_plus_gpu_fence_ms=30.807083
P1K_RAW round=2 frame=316 cpu_prepare_ms=0.642083 cpu_plus_gpu_fence_ms=25.991750
P1K_RAW round=2 frame=317 cpu_prepare_ms=0.911584 cpu_plus_gpu_fence_ms=28.061959
P1K_RAW round=2 frame=318 cpu_prepare_ms=3.960666 cpu_plus_gpu_fence_ms=35.404375
P1K_RAW round=2 frame=319 cpu_prepare_ms=0.215750 cpu_plus_gpu_fence_ms=28.596666
P1K_RAW round=2 frame=320 cpu_prepare_ms=2.226292 cpu_plus_gpu_fence_ms=42.918667
P1K_RAW round=2 frame=321 cpu_prepare_ms=0.244209 cpu_plus_gpu_fence_ms=24.540000
P1K_RAW round=2 frame=322 cpu_prepare_ms=0.728209 cpu_plus_gpu_fence_ms=36.281459
P1K_RAW round=2 frame=323 cpu_prepare_ms=0.648333 cpu_plus_gpu_fence_ms=34.381250
P1K_OFFSCREEN round=2 frames=323 p95_ms=40.292917 threshold_50ms_met=true
ok
test display_tests::native_metal_reference_production_pixel_parity ... parity adapter AdapterInfo { name: "Apple M1", vendor: 0, device: 0, device_type: IntegratedGpu, driver: "", driver_info: "", backend: Metal }
display_rebuild=1 document=doc-1 revision=0 ppm=20 blocked=None
PASS exact RGBA parity s2b3_1/P1K_CIRCLES.gbr selection=0 delta=MmPoint { x_mm: 0.0, y_mm: 0.0 } pixels=16384
PASS exact RGBA parity s2b3_1/P1K_CIRCLES.gbr selection=0 delta=MmPoint { x_mm: 3.0, y_mm: -2.0 } pixels=16384
PASS exact RGBA parity s2b3_1/P1K_CIRCLES.gbr selection=1 delta=MmPoint { x_mm: 0.0, y_mm: 0.0 } pixels=16384
PASS exact RGBA parity s2b3_1/P1K_CIRCLES.gbr selection=1 delta=MmPoint { x_mm: 3.0, y_mm: -2.0 } pixels=16384
PASS exact RGBA parity s2b3_1/P1K_CIRCLES.gbr selection=2000 delta=MmPoint { x_mm: 0.0, y_mm: 0.0 } pixels=16384
PASS exact RGBA parity s2b3_1/P1K_CIRCLES.gbr selection=2000 delta=MmPoint { x_mm: 3.0, y_mm: -2.0 } pixels=16384
display_rebuild=1 document=doc-1 revision=0 ppm=20 blocked=None
PASS exact RGBA parity s2a3/gui_primitives.gbr selection=0 delta=MmPoint { x_mm: 0.0, y_mm: 0.0 } pixels=16384
PASS exact RGBA parity s2a3/gui_primitives.gbr selection=0 delta=MmPoint { x_mm: 3.0, y_mm: -2.0 } pixels=16384
PASS exact RGBA parity s2a3/gui_primitives.gbr selection=1 delta=MmPoint { x_mm: 0.0, y_mm: 0.0 } pixels=16384
PASS exact RGBA parity s2a3/gui_primitives.gbr selection=1 delta=MmPoint { x_mm: 3.0, y_mm: -2.0 } pixels=16384
PASS exact RGBA parity s2a3/gui_primitives.gbr selection=26 delta=MmPoint { x_mm: 0.0, y_mm: 0.0 } pixels=16384
PASS exact RGBA parity s2a3/gui_primitives.gbr selection=26 delta=MmPoint { x_mm: 3.0, y_mm: -2.0 } pixels=16384
display_rebuild=1 document=doc-1 revision=0 ppm=20 blocked=None
PASS exact RGBA parity s1a/standard_hole_over_line.gbr selection=0 delta=MmPoint { x_mm: 0.0, y_mm: 0.0 } pixels=16384
PASS exact RGBA parity s1a/standard_hole_over_line.gbr selection=0 delta=MmPoint { x_mm: 3.0, y_mm: -2.0 } pixels=16384
PASS exact RGBA parity s1a/standard_hole_over_line.gbr selection=1 delta=MmPoint { x_mm: 0.0, y_mm: 0.0 } pixels=16384
PASS exact RGBA parity s1a/standard_hole_over_line.gbr selection=1 delta=MmPoint { x_mm: 3.0, y_mm: -2.0 } pixels=16384
PASS exact RGBA parity s1a/standard_hole_over_line.gbr selection=4 delta=MmPoint { x_mm: 0.0, y_mm: 0.0 } pixels=16384
PASS exact RGBA parity s1a/standard_hole_over_line.gbr selection=4 delta=MmPoint { x_mm: 3.0, y_mm: -2.0 } pixels=16384
display_rebuild=1 document=doc-1 revision=0 ppm=20 blocked=None
PASS exact RGBA parity s1a/macro_hole_over_line.gbr selection=0 delta=MmPoint { x_mm: 0.0, y_mm: 0.0 } pixels=16384
PASS exact RGBA parity s1a/macro_hole_over_line.gbr selection=0 delta=MmPoint { x_mm: 3.0, y_mm: -2.0 } pixels=16384
PASS exact RGBA parity s1a/macro_hole_over_line.gbr selection=1 delta=MmPoint { x_mm: 0.0, y_mm: 0.0 } pixels=16384
PASS exact RGBA parity s1a/macro_hole_over_line.gbr selection=1 delta=MmPoint { x_mm: 3.0, y_mm: -2.0 } pixels=16384
PASS exact RGBA parity s1a/macro_hole_over_line.gbr selection=4 delta=MmPoint { x_mm: 0.0, y_mm: 0.0 } pixels=16384
PASS exact RGBA parity s1a/macro_hole_over_line.gbr selection=4 delta=MmPoint { x_mm: 3.0, y_mm: -2.0 } pixels=16384
display_rebuild=1 document=doc-1 revision=0 ppm=20 blocked=None
PASS exact RGBA parity s1a/ordered_local_hole.gbr selection=0 delta=MmPoint { x_mm: 0.0, y_mm: 0.0 } pixels=16384
PASS exact RGBA parity s1a/ordered_local_hole.gbr selection=0 delta=MmPoint { x_mm: 3.0, y_mm: -2.0 } pixels=16384
PASS exact RGBA parity s1a/ordered_local_hole.gbr selection=1 delta=MmPoint { x_mm: 0.0, y_mm: 0.0 } pixels=16384
PASS exact RGBA parity s1a/ordered_local_hole.gbr selection=1 delta=MmPoint { x_mm: 3.0, y_mm: -2.0 } pixels=16384
PASS exact RGBA parity s1a/ordered_local_hole.gbr selection=6 delta=MmPoint { x_mm: 0.0, y_mm: 0.0 } pixels=16384
PASS exact RGBA parity s1a/ordered_local_hole.gbr selection=6 delta=MmPoint { x_mm: 3.0, y_mm: -2.0 } pixels=16384
display_rebuild=1 document=doc-1 revision=0 ppm=20 blocked=None
PASS exact RGBA parity s1a/macro_rotated_circle.gbr selection=0 delta=MmPoint { x_mm: 0.0, y_mm: 0.0 } pixels=16384
PASS exact RGBA parity s1a/macro_rotated_circle.gbr selection=0 delta=MmPoint { x_mm: 3.0, y_mm: -2.0 } pixels=16384
PASS exact RGBA parity s1a/macro_rotated_circle.gbr selection=1 delta=MmPoint { x_mm: 0.0, y_mm: 0.0 } pixels=16384
PASS exact RGBA parity s1a/macro_rotated_circle.gbr selection=1 delta=MmPoint { x_mm: 3.0, y_mm: -2.0 } pixels=16384
PASS exact RGBA parity s1a/macro_rotated_circle.gbr selection=2 delta=MmPoint { x_mm: 0.0, y_mm: 0.0 } pixels=16384
PASS exact RGBA parity s1a/macro_rotated_circle.gbr selection=2 delta=MmPoint { x_mm: 3.0, y_mm: -2.0 } pixels=16384
display_rebuild=1 document=doc-1 revision=0 ppm=20 blocked=None
PASS exact RGBA parity s1a/macro_rotated_rectangle.gbr selection=0 delta=MmPoint { x_mm: 0.0, y_mm: 0.0 } pixels=16384
PASS exact RGBA parity s1a/macro_rotated_rectangle.gbr selection=0 delta=MmPoint { x_mm: 3.0, y_mm: -2.0 } pixels=16384
PASS exact RGBA parity s1a/macro_rotated_rectangle.gbr selection=1 delta=MmPoint { x_mm: 0.0, y_mm: 0.0 } pixels=16384
PASS exact RGBA parity s1a/macro_rotated_rectangle.gbr selection=1 delta=MmPoint { x_mm: 3.0, y_mm: -2.0 } pixels=16384
PASS exact RGBA parity s1a/macro_rotated_rectangle.gbr selection=2 delta=MmPoint { x_mm: 0.0, y_mm: 0.0 } pixels=16384
PASS exact RGBA parity s1a/macro_rotated_rectangle.gbr selection=2 delta=MmPoint { x_mm: 3.0, y_mm: -2.0 } pixels=16384
display_rebuild=1 document=doc-1 revision=0 ppm=20 blocked=None
PASS exact RGBA parity s1a/region_cutin.gbr selection=0 delta=MmPoint { x_mm: 0.0, y_mm: 0.0 } pixels=16384
PASS exact RGBA parity s1a/region_cutin.gbr selection=0 delta=MmPoint { x_mm: 3.0, y_mm: -2.0 } pixels=16384
PASS exact RGBA parity s1a/region_cutin.gbr selection=1 delta=MmPoint { x_mm: 0.0, y_mm: 0.0 } pixels=16384
PASS exact RGBA parity s1a/region_cutin.gbr selection=1 delta=MmPoint { x_mm: 3.0, y_mm: -2.0 } pixels=16384
PASS exact RGBA parity s1a/region_cutin.gbr selection=2 delta=MmPoint { x_mm: 0.0, y_mm: 0.0 } pixels=16384
PASS exact RGBA parity s1a/region_cutin.gbr selection=2 delta=MmPoint { x_mm: 3.0, y_mm: -2.0 } pixels=16384
display_rebuild=1 document=doc-1 revision=0 ppm=20 blocked=None
PASS exact RGBA parity s1a/nested_region_union.gbr selection=0 delta=MmPoint { x_mm: 0.0, y_mm: 0.0 } pixels=16384
PASS exact RGBA parity s1a/nested_region_union.gbr selection=0 delta=MmPoint { x_mm: 3.0, y_mm: -2.0 } pixels=16384
PASS exact RGBA parity s1a/nested_region_union.gbr selection=1 delta=MmPoint { x_mm: 0.0, y_mm: 0.0 } pixels=16384
PASS exact RGBA parity s1a/nested_region_union.gbr selection=1 delta=MmPoint { x_mm: 3.0, y_mm: -2.0 } pixels=16384
PASS exact RGBA parity s1a/nested_region_union.gbr selection=2 delta=MmPoint { x_mm: 0.0, y_mm: 0.0 } pixels=16384
PASS exact RGBA parity s1a/nested_region_union.gbr selection=2 delta=MmPoint { x_mm: 3.0, y_mm: -2.0 } pixels=16384
display_rebuild=1 document=doc-1 revision=0 ppm=20 blocked=None
PASS exact RGBA parity s0c/rectangular_draw.gbr selection=0 delta=MmPoint { x_mm: 0.0, y_mm: 0.0 } pixels=16384
PASS exact RGBA parity s0c/rectangular_draw.gbr selection=0 delta=MmPoint { x_mm: 3.0, y_mm: -2.0 } pixels=16384
PASS exact RGBA parity s0c/rectangular_draw.gbr selection=1 delta=MmPoint { x_mm: 0.0, y_mm: 0.0 } pixels=16384
PASS exact RGBA parity s0c/rectangular_draw.gbr selection=1 delta=MmPoint { x_mm: 3.0, y_mm: -2.0 } pixels=16384
PASS exact RGBA parity s0c/rectangular_draw.gbr selection=4 delta=MmPoint { x_mm: 0.0, y_mm: 0.0 } pixels=16384
PASS exact RGBA parity s0c/rectangular_draw.gbr selection=4 delta=MmPoint { x_mm: 3.0, y_mm: -2.0 } pixels=16384
display_rebuild=1 document=doc-1 revision=0 ppm=20 blocked=None
PASS exact RGBA parity s1a1/g75_exact.gbr selection=0 delta=MmPoint { x_mm: 0.0, y_mm: 0.0 } pixels=16384
PASS exact RGBA parity s1a1/g75_exact.gbr selection=0 delta=MmPoint { x_mm: 3.0, y_mm: -2.0 } pixels=16384
PASS exact RGBA parity s1a1/g75_exact.gbr selection=1 delta=MmPoint { x_mm: 0.0, y_mm: 0.0 } pixels=16384
PASS exact RGBA parity s1a1/g75_exact.gbr selection=1 delta=MmPoint { x_mm: 3.0, y_mm: -2.0 } pixels=16384
PASS exact RGBA parity s1a1/g75_exact.gbr selection=2 delta=MmPoint { x_mm: 0.0, y_mm: 0.0 } pixels=16384
PASS exact RGBA parity s1a1/g75_exact.gbr selection=2 delta=MmPoint { x_mm: 3.0, y_mm: -2.0 } pixels=16384
display_rebuild=1 document=doc-1 revision=0 ppm=20 blocked=None
PASS exact RGBA parity s1a1/g75_small_deviation.gbr selection=0 delta=MmPoint { x_mm: 0.0, y_mm: 0.0 } pixels=16384
PASS exact RGBA parity s1a1/g75_small_deviation.gbr selection=0 delta=MmPoint { x_mm: 3.0, y_mm: -2.0 } pixels=16384
PASS exact RGBA parity s1a1/g75_small_deviation.gbr selection=1 delta=MmPoint { x_mm: 0.0, y_mm: 0.0 } pixels=16384
PASS exact RGBA parity s1a1/g75_small_deviation.gbr selection=1 delta=MmPoint { x_mm: 3.0, y_mm: -2.0 } pixels=16384
PASS exact RGBA parity s1a1/g75_small_deviation.gbr selection=2 delta=MmPoint { x_mm: 0.0, y_mm: 0.0 } pixels=16384
PASS exact RGBA parity s1a1/g75_small_deviation.gbr selection=2 delta=MmPoint { x_mm: 3.0, y_mm: -2.0 } pixels=16384
display_rebuild=1 document=doc-1 revision=0 ppm=20 blocked=None
PASS exact RGBA parity s1a1/g75_full.gbr selection=0 delta=MmPoint { x_mm: 0.0, y_mm: 0.0 } pixels=16384
PASS exact RGBA parity s1a1/g75_full.gbr selection=0 delta=MmPoint { x_mm: 3.0, y_mm: -2.0 } pixels=16384
PASS exact RGBA parity s1a1/g75_full.gbr selection=1 delta=MmPoint { x_mm: 0.0, y_mm: 0.0 } pixels=16384
PASS exact RGBA parity s1a1/g75_full.gbr selection=1 delta=MmPoint { x_mm: 3.0, y_mm: -2.0 } pixels=16384
PASS exact RGBA parity s1a1/g75_full.gbr selection=2 delta=MmPoint { x_mm: 0.0, y_mm: 0.0 } pixels=16384
PASS exact RGBA parity s1a1/g75_full.gbr selection=2 delta=MmPoint { x_mm: 3.0, y_mm: -2.0 } pixels=16384
display_rebuild=1 document=doc-1 revision=0 ppm=20 blocked=None
PASS exact RGBA parity s1a1/g74_zero.gbr selection=0 delta=MmPoint { x_mm: 0.0, y_mm: 0.0 } pixels=16384
PASS exact RGBA parity s1a1/g74_zero.gbr selection=0 delta=MmPoint { x_mm: 3.0, y_mm: -2.0 } pixels=16384
PASS exact RGBA parity s1a1/g74_zero.gbr selection=1 delta=MmPoint { x_mm: 0.0, y_mm: 0.0 } pixels=16384
PASS exact RGBA parity s1a1/g74_zero.gbr selection=1 delta=MmPoint { x_mm: 3.0, y_mm: -2.0 } pixels=16384
PASS exact RGBA parity s1a1/g74_zero.gbr selection=2 delta=MmPoint { x_mm: 0.0, y_mm: 0.0 } pixels=16384
PASS exact RGBA parity s1a1/g74_zero.gbr selection=2 delta=MmPoint { x_mm: 3.0, y_mm: -2.0 } pixels=16384
display_rebuild=1 document=doc-1 revision=0 ppm=20 blocked=None
PASS exact RGBA parity s1a1/g75_region_deviation_safe.gbr selection=0 delta=MmPoint { x_mm: 0.0, y_mm: 0.0 } pixels=16384
PASS exact RGBA parity s1a1/g75_region_deviation_safe.gbr selection=0 delta=MmPoint { x_mm: 3.0, y_mm: -2.0 } pixels=16384
PASS exact RGBA parity s1a1/g75_region_deviation_safe.gbr selection=1 delta=MmPoint { x_mm: 0.0, y_mm: 0.0 } pixels=16384
PASS exact RGBA parity s1a1/g75_region_deviation_safe.gbr selection=1 delta=MmPoint { x_mm: 3.0, y_mm: -2.0 } pixels=16384
PASS exact RGBA parity s1a1/g75_region_deviation_safe.gbr selection=2 delta=MmPoint { x_mm: 0.0, y_mm: 0.0 } pixels=16384
PASS exact RGBA parity s1a1/g75_region_deviation_safe.gbr selection=2 delta=MmPoint { x_mm: 3.0, y_mm: -2.0 } pixels=16384
ok
test display_tests::native_metal_semantic_renderer ... S2-A.3 GPU AdapterInfo { name: "Apple M1", vendor: 0, device: 0, device_type: IntegratedGpu, driver: "", driver_info: "", backend: Metal }
display_rebuild=1 document=doc-1 revision=0 ppm=20 blocked=None
PASS s2a3/gui_primitives.gbr 899 Metal/semantic coverage probes
display_rebuild=1 document=doc-1 revision=0 ppm=20 blocked=None
PASS s1a/standard_hole_over_line.gbr 903 Metal/semantic coverage probes
display_rebuild=1 document=doc-1 revision=0 ppm=20 blocked=None
PASS s1a/macro_hole_over_line.gbr 903 Metal/semantic coverage probes
display_rebuild=1 document=doc-1 revision=0 ppm=20 blocked=None
PASS s1a/ordered_local_hole.gbr 899 Metal/semantic coverage probes
display_rebuild=1 document=doc-1 revision=0 ppm=20 blocked=None
PASS s1a/macro_rotated_circle.gbr 899 Metal/semantic coverage probes
display_rebuild=1 document=doc-1 revision=0 ppm=20 blocked=None
PASS s1a/macro_rotated_rectangle.gbr 899 Metal/semantic coverage probes
display_rebuild=1 document=doc-1 revision=0 ppm=20 blocked=None
PASS s1a/region_cutin.gbr 899 Metal/semantic coverage probes
display_rebuild=1 document=doc-1 revision=0 ppm=20 blocked=None
PASS s1a/nested_region_union.gbr 899 Metal/semantic coverage probes
display_rebuild=1 document=doc-1 revision=0 ppm=20 blocked=None
PASS s0c/rectangular_draw.gbr 899 Metal/semantic coverage probes
display_rebuild=1 document=doc-1 revision=0 ppm=20 blocked=None
PASS s1a1/g75_exact.gbr 899 Metal/semantic coverage probes
display_rebuild=1 document=doc-1 revision=0 ppm=20 blocked=None
PASS s1a1/g75_small_deviation.gbr 899 Metal/semantic coverage probes
display_rebuild=1 document=doc-1 revision=0 ppm=20 blocked=None
PASS s1a1/g75_full.gbr 899 Metal/semantic coverage probes
display_rebuild=1 document=doc-1 revision=0 ppm=20 blocked=None
PASS s1a1/g74_zero.gbr 899 Metal/semantic coverage probes
display_rebuild=1 document=doc-1 revision=0 ppm=20 blocked=None
PASS s1a1/g75_region_deviation_safe.gbr 899 Metal/semantic coverage probes
ok

test result: ok. 5 passed; 0 failed; 0 ignored; 0 measured; 62 filtered out; finished in 31.66s

     Running unittests src/s0_demo.rs (/Volumes/外接硬盘/rcam/.tools/target/release/examples/s0_demo-1ad29297f8271238)

running 0 tests

test result: ok. 0 passed; 0 failed; 0 ignored; 0 measured; 5 filtered out; finished in 0.00s

