cargo test --locked -p editor-service --test s1b2b_transform_workflow
   Compiling editor-core v0.1.0 ($WORKSPACE/crates/editor-core)
   Compiling gerber-io v0.1.0 ($WORKSPACE/crates/gerber-io)
   Compiling editor-service v0.1.0 ($WORKSPACE/crates/editor-service)
warning: unused import: `Exposure`
 --> crates/editor-service/tests/s1b2b_transform_workflow.rs:3:19
  |
3 | use editor_core::{Exposure, MmPoint, SemanticGeometry, SemanticObject};
  |                   ^^^^^^^^
  |
  = note: `#[warn(unused_imports)]` on by default

warning: unused import: `ArcDirection`
   --> crates/editor-service/tests/s1b2b_transform_workflow.rs:135:19
    |
135 | use editor_core::{ArcDirection, Mirror, LocalTransform, RegionEdge};
    |                   ^^^^^^^^^^^^

warning: `editor-service` (test "s1b2b_transform_workflow") generated 2 warnings (run `cargo fix --test "s1b2b_transform_workflow"` to apply 2 suggestions)
    Finished `test` profile [unoptimized + debuginfo] target(s) in 5.79s
     Running tests/s1b2b_transform_workflow.rs (.tools/target/debug/deps/s1b2b_transform_workflow-2d10c268935e6cb6)

running 25 tests
test core_locked_and_history_limits_are_atomic ... ok
test invariant_line_mirror_is_noop_and_preserves_history ... ok
test overflow_and_roundoff_reject_without_history ... ok
test rectangular_sweep_rejects_37_deg_atomically ... ok
test mirror_undo_redo_restores_exact_state ... ok
test mixed_selection_failure_is_atomic ... ok
test mirror_region_flips_all_arc_directions ... ok
test rectangular_sweep_rotates_exact_90_and_swaps_dimensions ... ok
test mirror_arc_flips_direction ... ok
test rotate_arc_preserves_direction_and_source_semantics ... ok
test rotate_full_circle_remains_full_circle ... ok
test rotate_g74_zero_sweep_remains_zero_sweep ... ok
test rotate_point_37_about_nonzero_pivot ... ok
test rotate_point_90_about_origin ... ok
test rotate_line_roundtrip ... ok
test rotate_flash_updates_local_transform ... ok
test four_quarter_turns_restore_exact_or_frozen_canonical_state ... ok
test rotate_region_preserves_edge_order_and_topology ... FAILED
test rotate_undo_redo_restores_exact_state ... FAILED
test strict_transform_dtos_and_finite_checks_preserve_redo ... ok
test rotate_existing_mirrored_flash_composes_correctly ... ok
test mirror_twice_restores_exact_state ... ok
test mirror_flash_composes_local_transform ... ok
test rotate_mirror_export_reopen_matches_independent_geometry ... ok
test structural_order_guard_scalability_baseline ... ok

failures:

---- rotate_region_preserves_edge_order_and_topology stdout ----

thread 'rotate_region_preserves_edge_order_and_topology' panicked at crates/editor-service/tests/s1b2b_transform_workflow.rs:68:9:
assertion `left == right` failed: {"api_version":1,"document_id":"doc-1","error":{"code":"VALIDATION_FAILED","details":{"diagnostic":"Region boundary enters an arc uncertainty envelope; ArcDeviationSummary { count: 1, single_quadrant_count: 0, zero_sweep_count: 0, above_roundoff_count: 1, max_deviation_mm: 7.986355176070603e-7 }","line":0},"message":"semantic error at line 0: Region boundary enters an arc uncertainty envelope; ArcDeviationSummary { count: 1, single_quadrant_count: 0, zero_sweep_count: 0, above_roundoff_count: 1, max_deviation_mm: 7.986355176070603e-7 }"},"job_id":null,"request_id":"b2-7","result":null,"revision":"1","status":"error","warnings":[]}
  left: String("error")
 right: "completed"
note: run with `RUST_BACKTRACE=1` environment variable to display a backtrace

---- rotate_undo_redo_restores_exact_state stdout ----

thread 'rotate_undo_redo_restores_exact_state' panicked at crates/editor-service/tests/s1b2b_transform_workflow.rs:68:9:
assertion `left == right` failed: {"api_version":1,"document_id":"doc-1","error":{"code":"VALIDATION_FAILED","details":{"diagnostic":"Region boundary enters an arc uncertainty envelope; ArcDeviationSummary { count: 1, single_quadrant_count: 0, zero_sweep_count: 0, above_roundoff_count: 1, max_deviation_mm: 7.986355176070603e-7 }","line":0},"message":"semantic error at line 0: Region boundary enters an arc uncertainty envelope; ArcDeviationSummary { count: 1, single_quadrant_count: 0, zero_sweep_count: 0, above_roundoff_count: 1, max_deviation_mm: 7.986355176070603e-7 }"},"job_id":null,"request_id":"b2-11","result":null,"revision":"3","status":"error","warnings":[]}
  left: String("error")
 right: "completed"


failures:
    rotate_region_preserves_edge_order_and_topology
    rotate_undo_redo_restores_exact_state

test result: FAILED. 23 passed; 2 failed; 0 ignored; 0 measured; 0 filtered out; finished in 0.66s

error: test failed, to rerun pass `-p editor-service --test s1b2b_transform_workflow`
