   Compiling editor-service v0.1.0 (<workspace>/crates/editor-service)
    Finished `test` profile [unoptimized + debuginfo] target(s) in 2.11s
     Running tests/s1b2_edit_workflow.rs (.tools/target/debug/deps/s1b2_edit_workflow-21ad9219846081c2)

running 26 tests
test core_locked_and_budget_edits_are_atomic ... ok
test capabilities_and_strict_dtos_match_implemented_operations ... ok
test deleted_and_undone_ids_are_never_reallocated ... ok
test delete_multi_object_is_atomic ... ok
test duplicate_flash_has_new_stable_id ... ok
test delete_redo_removes_same_objects ... ok
test delete_undo_restores_exact_indices_and_ids ... ok
test duplicate_preserves_exposure_order ... ok
test direct_duplicate_rejects_nonfinite_parameters_and_json_requires_revision ... ok
test duplicate_undo_redo_restores_same_ids ... ok
test empty_layer_exports_and_reopens_after_delete_all ... FAILED
test history_guards_reject_changed_order_and_locked_replay ... ok
test late_duplicate_failure_preserves_all_objects_and_allocator ... ok
test missing_layer_has_layer_not_found_details ... ok
test missing_object_has_object_not_found_details ... ok
test query_cursor_conflicts_after_insert_delete ... ok
test export_reports_saved_target_without_claiming_source_was_modified ... ok
test failed_delete_preserves_document_history ... ok
test failed_duplicate_preserves_document_history_and_id_contract ... ok
test delete_export_reopen_matches_document ... ok
test zero_move_does_not_create_history ... ok
test duplicate_clear_object_preserves_composition ... ok
test writer_obeys_current_order_not_import_provenance ... ok
test duplicate_export_reopen_matches_document ... ok
test mixed_geometry_duplicate_delete_roundtrip_preserves_originals ... ok
test structural_byte_budget_rejects_without_losing_redo ... ok

failures:

---- empty_layer_exports_and_reopens_after_delete_all stdout ----

thread 'empty_layer_exports_and_reopens_after_delete_all' panicked at crates/editor-service/tests/s1b2_edit_workflow.rs:68:9:
assertion `left == right` failed: {"api_version":1,"document_id":"doc-1","error":{"code":"VALIDATION_FAILED","details":{"diagnostic":"command 7: document has no drawable objects","line":0},"message":"semantic error at line 0: command 7: document has no drawable objects"},"job_id":null,"request_id":"b2-5","result":null,"revision":"1","status":"error","warnings":[]}
  left: String("error")
 right: "completed"
note: run with `RUST_BACKTRACE=1` environment variable to display a backtrace


failures:
    empty_layer_exports_and_reopens_after_delete_all

test result: FAILED. 25 passed; 1 failed; 0 ignored; 0 measured; 0 filtered out; finished in 0.66s

error: test failed, to rerun pass `-p editor-service --test s1b2_edit_workflow`
