RCam S2-B1 native GPU: AdapterInfo { name: "Apple M1", vendor: 0, device: 0, device_type: IntegratedGpu, driver: "", driver_info: "", backend: Metal }
display_rebuild=1 document=doc-1 revision=0 ppm=20 blocked=None
state document=doc-1 revision=0 workspace=0 dirty=false selected=None saved=None
gui_job=1 elapsed_ms=89
display_rebuild=2 document=doc-1 revision=0 ppm=64 blocked=None
state document=doc-1 revision=0 workspace=0 dirty=false selected=None saved=None
gui_job=2 elapsed_ms=0
state document=doc-1 revision=0 workspace=0 dirty=false selected=Some("object-1") saved=None
gui_job=3 elapsed_ms=0
state document=doc-1 revision=0 workspace=0 dirty=false selected=Some("object-1") saved=None
gui_job=4 elapsed_ms=1
display_rebuild=3 document=doc-1 revision=1 ppm=64 blocked=None
state document=doc-1 revision=1 workspace=0 dirty=true selected=Some("object-1") saved=None
gui_job=5 elapsed_ms=0
display_rebuild=4 document=doc-1 revision=2 ppm=64 blocked=None
state document=doc-1 revision=2 workspace=0 dirty=false selected=Some("object-1") saved=None
gui_job=6 elapsed_ms=1
display_rebuild=5 document=doc-1 revision=3 ppm=64 blocked=None
state document=doc-1 revision=3 workspace=0 dirty=true selected=Some("object-1") saved=None
gui_job=7 elapsed_ms=0
display_rebuild=6 document=doc-1 revision=4 ppm=64 blocked=None
state document=doc-1 revision=4 workspace=0 dirty=true selected=Some("doc-1-generated-object-0") saved=None
gui_job=8 elapsed_ms=0
state document=doc-1 revision=4 workspace=0 dirty=true selected=Some("doc-1-generated-object-0") saved=None
gui_job=9 elapsed_ms=0
display_rebuild=7 document=doc-1 revision=5 ppm=64 blocked=None
state document=doc-1 revision=5 workspace=0 dirty=true selected=Some("doc-1-generated-object-0") saved=None
gui_job=10 elapsed_ms=0
state document=doc-1 revision=5 workspace=0 dirty=true selected=None saved=None
gui_job=11 elapsed_ms=0
state document=doc-1 revision=5 workspace=0 dirty=true selected=None saved=None
gui_job=12 elapsed_ms=0
state document=doc-1 revision=5 workspace=0 dirty=true selected=Some("doc-1-generated-object-0") saved=None
gui_job=13 elapsed_ms=0
state document=doc-1 revision=5 workspace=0 dirty=true selected=Some("doc-1-generated-object-0") saved=None
gui_job=14 elapsed_ms=0
state document=doc-1 revision=5 workspace=0 dirty=true selected=Some("doc-1-generated-object-0") saved=None
gui_job=15 elapsed_ms=0
display_rebuild=8 document=doc-1 revision=6 ppm=64 blocked=None
state document=doc-1 revision=6 workspace=0 dirty=true selected=Some("doc-1-generated-object-0") saved=None
gui_job=16 elapsed_ms=0
display_rebuild=9 document=doc-1 revision=7 ppm=64 blocked=None
state document=doc-1 revision=7 workspace=0 dirty=true selected=None saved=None
gui_job=17 elapsed_ms=0
display_rebuild=10 document=doc-1 revision=8 ppm=64 blocked=None
state document=doc-1 revision=8 workspace=0 dirty=true selected=None saved=None
gui_job=18 elapsed_ms=0
display_rebuild=11 document=doc-1 revision=9 ppm=64 blocked=None
state document=doc-1 revision=9 workspace=0 dirty=true selected=None saved=None
gui_job=19 elapsed_ms=0
state document=doc-1 revision=9 workspace=0 dirty=true selected=Some("doc-1-generated-object-0") saved=None
gui_job=20 elapsed_ms=0
display_rebuild=12 document=doc-1 revision=10 ppm=64 blocked=None
state document=doc-1 revision=10 workspace=0 dirty=true selected=None saved=None
gui_job=21 elapsed_ms=0
state document=doc-1 revision=10 workspace=0 dirty=true selected=None saved=None
gui_job=22 elapsed_ms=0
state document=doc-1 revision=10 workspace=0 dirty=true selected=Some("object-1") saved=None
gui_job=23 elapsed_ms=0
state document=doc-1 revision=10 workspace=0 dirty=true selected=Some("object-1") saved=None
gui_job=24 elapsed_ms=0
state document=doc-1 revision=10 workspace=0 dirty=true selected=Some("object-1") saved=None
gui_job=25 elapsed_ms=0
state document=doc-1 revision=10 workspace=0 dirty=true selected=None saved=None
gui_job=26 elapsed_ms=0
state document=doc-1 revision=10 workspace=0 dirty=true selected=None saved=None
gui_job=27 elapsed_ms=0
state document=doc-1 revision=10 workspace=0 dirty=true selected=None saved=None
gui_job=28 elapsed_ms=0
state document=doc-1 revision=10 workspace=0 dirty=true selected=Some("object-9") saved=None
gui_job=29 elapsed_ms=0
state document=doc-1 revision=10 workspace=0 dirty=true selected=Some("object-9") saved=None
gui_job=30 elapsed_ms=0
display_rebuild=13 document=doc-1 revision=11 ppm=64 blocked=None
state document=doc-1 revision=11 workspace=0 dirty=true selected=Some("object-9") saved=None
gui_job=31 elapsed_ms=0
state document=doc-1 revision=11 workspace=0 dirty=true selected=Some("doc-1-generated-object-0") saved=None
gui_job=32 elapsed_ms=0
2026-09-19 23:39:51.529 editor-app[79431:25685923] TSM AdjustCapsLockLEDForKeyTransitionHandling - _ISSetPhysicalKeyboardCapsLockLED Inhibit
state document=doc-1 revision=11 workspace=0 dirty=true selected=Some("doc-1-generated-object-0") saved=None
gui_job=33 elapsed_ms=0
state document=doc-1 revision=11 workspace=0 dirty=true selected=Some("doc-1-generated-object-0") saved=None
gui_job=34 elapsed_ms=0
state document=doc-1 revision=11 workspace=0 dirty=true selected=Some("doc-1-generated-object-0") saved=None
gui_job=35 elapsed_ms=1
state document=doc-1 revision=11 workspace=0 dirty=true selected=Some("object-2") saved=None
gui_job=36 elapsed_ms=0
state document=doc-1 revision=11 workspace=0 dirty=true selected=Some("object-2") saved=None
gui_job=37 elapsed_ms=0
display_rebuild=14 document=doc-1 revision=11 ppm=64 blocked=None
state document=doc-1 revision=11 workspace=1 dirty=true selected=Some("object-2") saved=None
gui_job=38 elapsed_ms=0
state document=doc-1 revision=11 workspace=1 dirty=true selected=Some("object-1") saved=None
gui_job=39 elapsed_ms=0
state document=doc-1 revision=11 workspace=1 dirty=true selected=Some("object-2") saved=None
gui_job=40 elapsed_ms=0
state document=doc-1 revision=11 workspace=1 dirty=true selected=Some("object-6") saved=None
gui_job=41 elapsed_ms=0
display_rebuild=15 document=doc-1 revision=11 ppm=64 blocked=None
state document=doc-1 revision=11 workspace=2 dirty=true selected=Some("object-6") saved=None
gui_job=42 elapsed_ms=0
state document=doc-1 revision=11 workspace=2 dirty=false selected=Some("object-6") saved=Some("/Volumes/外接硬盘/rcam/evidence/s2b1-development-20260919/gui/s2b1-final.gbr")
gui_job=43 elapsed_ms=101
state document=doc-1 revision=11 workspace=2 dirty=false selected=None saved=Some("/Volumes/外接硬盘/rcam/evidence/s2b1-development-20260919/gui/s2b1-final.gbr")
gui_job=44 elapsed_ms=10
state document=doc-1 revision=11 workspace=2 dirty=false selected=None saved=Some("/Volumes/外接硬盘/rcam/evidence/s2b1-development-20260919/gui/s2b1-final.gbr")
gui_job=45 elapsed_ms=0
state document=doc-1 revision=11 workspace=2 dirty=false selected=Some("doc-1-generated-object-0") saved=Some("/Volumes/外接硬盘/rcam/evidence/s2b1-development-20260919/gui/s2b1-final.gbr")
gui_job=46 elapsed_ms=0
state document=doc-1 revision=11 workspace=2 dirty=false selected=None saved=Some("/Volumes/外接硬盘/rcam/evidence/s2b1-development-20260919/gui/s2b1-final.gbr")
gui_job=47 elapsed_ms=0
state document=doc-1 revision=11 workspace=2 dirty=false selected=None saved=Some("/Volumes/外接硬盘/rcam/evidence/s2b1-development-20260919/gui/s2b1-final.gbr")
gui_job=48 elapsed_ms=0
state document=doc-1 revision=11 workspace=2 dirty=false selected=Some("object-3") saved=Some("/Volumes/外接硬盘/rcam/evidence/s2b1-development-20260919/gui/s2b1-final.gbr")
gui_job=49 elapsed_ms=0
state document=doc-1 revision=11 workspace=2 dirty=false selected=Some("object-3") saved=Some("/Volumes/外接硬盘/rcam/evidence/s2b1-development-20260919/gui/s2b1-final.gbr")
gui_job=50 elapsed_ms=0
state document=doc-1 revision=11 workspace=2 dirty=false selected=Some("doc-1-generated-object-0") saved=Some("/Volumes/外接硬盘/rcam/evidence/s2b1-development-20260919/gui/s2b1-final.gbr")
gui_job=51 elapsed_ms=0
state document=doc-1 revision=11 workspace=2 dirty=false selected=Some("doc-1-generated-object-0") saved=Some("/Volumes/外接硬盘/rcam/evidence/s2b1-development-20260919/gui/s2b1-final.gbr")
gui_job=52 elapsed_ms=0
state document=doc-1 revision=11 workspace=2 dirty=false selected=Some("doc-1-generated-object-0") saved=Some("/Volumes/外接硬盘/rcam/evidence/s2b1-development-20260919/gui/s2b1-final.gbr")
gui_job=53 elapsed_ms=0
display_rebuild=16 document=doc-1 revision=12 ppm=64 blocked=None
state document=doc-1 revision=12 workspace=2 dirty=true selected=Some("doc-1-generated-object-0") saved=Some("/Volumes/外接硬盘/rcam/evidence/s2b1-development-20260919/gui/s2b1-final.gbr")
gui_job=54 elapsed_ms=0
state document=doc-1 revision=12 workspace=2 dirty=true selected=None saved=Some("/Volumes/外接硬盘/rcam/evidence/s2b1-development-20260919/gui/s2b1-final.gbr")
gui_job=55 elapsed_ms=0
state document=doc-1 revision=12 workspace=2 dirty=true selected=None saved=Some("/Volumes/外接硬盘/rcam/evidence/s2b1-development-20260919/gui/s2b1-final.gbr")
gui_job=56 elapsed_ms=0
display_rebuild=17 document=doc-1 revision=13 ppm=64 blocked=None
state document=doc-1 revision=13 workspace=2 dirty=false selected=None saved=Some("/Volumes/外接硬盘/rcam/evidence/s2b1-development-20260919/gui/s2b1-final.gbr")
gui_job=57 elapsed_ms=0
state document=doc-1 revision=13 workspace=2 dirty=false selected=Some("doc-1-generated-object-0") saved=Some("/Volumes/外接硬盘/rcam/evidence/s2b1-development-20260919/gui/s2b1-final.gbr")
gui_job=58 elapsed_ms=0
display_rebuild=18 document=doc-2 revision=0 ppm=20 blocked=None
state document=doc-2 revision=0 workspace=0 dirty=false selected=None saved=None
gui_job=59 elapsed_ms=3
display_rebuild=19 document=doc-2 revision=0 ppm=64 blocked=None
state document=doc-2 revision=0 workspace=0 dirty=false selected=None saved=None
gui_job=60 elapsed_ms=0
state document=doc-2 revision=0 workspace=0 dirty=false selected=Some("object-2") saved=None
gui_job=61 elapsed_ms=0
state document=doc-2 revision=0 workspace=0 dirty=false selected=None saved=None
gui_job=62 elapsed_ms=0
state document=doc-2 revision=0 workspace=0 dirty=false selected=Some("object-2") saved=None
gui_job=63 elapsed_ms=0
state document=doc-2 revision=0 workspace=0 dirty=false selected=None saved=None
gui_job=64 elapsed_ms=0
