RCam S2-B2 native GPU: AdapterInfo { name: "Apple M1", vendor: 0, device: 0, device_type: IntegratedGpu, driver: "", driver_info: "", backend: Metal }
display_rebuild=1 document=doc-1 revision=0 ppm=20 blocked=None
state document=doc-1 revision=0 workspace=0 dirty=false undo=0 redo=0 selected=[] saved=None
gui_job=1 elapsed_ms=3
display_rebuild=2 document=doc-1 revision=0 ppm=64 blocked=None
state document=doc-1 revision=0 workspace=0 dirty=false undo=0 redo=0 selected=[] saved=None
gui_job=2 elapsed_ms=0
state document=doc-1 revision=0 workspace=0 dirty=false undo=0 redo=0 selected=[] saved=None
gui_job=3 elapsed_ms=1
state document=doc-1 revision=0 workspace=0 dirty=false undo=0 redo=0 selected=["object-1"] saved=None
gui_job=4 elapsed_ms=0
state document=doc-1 revision=0 workspace=0 dirty=false undo=0 redo=0 selected=["object-1"] saved=None
gui_job=5 elapsed_ms=0
state document=doc-1 revision=0 workspace=0 dirty=false undo=0 redo=0 selected=["object-2"] saved=None
gui_job=6 elapsed_ms=0
state document=doc-1 revision=0 workspace=0 dirty=false undo=0 redo=0 selected=["object-2"] saved=None
gui_job=7 elapsed_ms=0
state document=doc-1 revision=0 workspace=0 dirty=false undo=0 redo=0 selected=["object-3"] saved=None
gui_job=8 elapsed_ms=0
state document=doc-1 revision=0 workspace=0 dirty=false undo=0 redo=0 selected=["object-3"] saved=None
gui_job=9 elapsed_ms=0
state document=doc-1 revision=0 workspace=0 dirty=false undo=0 redo=0 selected=["object-4"] saved=None
gui_job=10 elapsed_ms=0
state document=doc-1 revision=0 workspace=0 dirty=false undo=0 redo=0 selected=["object-4"] saved=None
gui_job=11 elapsed_ms=3
state document=doc-1 revision=0 workspace=0 dirty=false undo=0 redo=0 selected=["object-5"] saved=None
gui_job=12 elapsed_ms=0
state document=doc-1 revision=0 workspace=0 dirty=false undo=0 redo=0 selected=["object-5"] saved=None
gui_job=13 elapsed_ms=0
state document=doc-1 revision=0 workspace=0 dirty=false undo=0 redo=0 selected=["object-6"] saved=None
gui_job=14 elapsed_ms=0
state document=doc-1 revision=0 workspace=0 dirty=false undo=0 redo=0 selected=["object-6"] saved=None
gui_job=15 elapsed_ms=0
state document=doc-1 revision=0 workspace=0 dirty=false undo=0 redo=0 selected=["object-7"] saved=None
gui_job=16 elapsed_ms=0
state document=doc-1 revision=0 workspace=0 dirty=false undo=0 redo=0 selected=["object-7"] saved=None
gui_job=17 elapsed_ms=3
state document=doc-1 revision=0 workspace=0 dirty=false undo=0 redo=0 selected=[] saved=None
gui_job=18 elapsed_ms=0
state document=doc-1 revision=0 workspace=0 dirty=false undo=0 redo=0 selected=[] saved=None
gui_job=19 elapsed_ms=0
state document=doc-1 revision=0 workspace=0 dirty=false undo=0 redo=0 selected=["object-10"] saved=None
gui_job=20 elapsed_ms=0
state document=doc-1 revision=0 workspace=0 dirty=false undo=0 redo=0 selected=["object-10"] saved=None
gui_job=21 elapsed_ms=0
state document=doc-1 revision=0 workspace=0 dirty=false undo=0 redo=0 selected=["object-11"] saved=None
gui_job=22 elapsed_ms=0
state document=doc-1 revision=0 workspace=0 dirty=false undo=0 redo=0 selected=["object-11"] saved=None
gui_job=23 elapsed_ms=0
state document=doc-1 revision=0 workspace=0 dirty=false undo=0 redo=0 selected=["object-12"] saved=None
gui_job=24 elapsed_ms=0
state document=doc-1 revision=0 workspace=0 dirty=false undo=0 redo=0 selected=["object-12"] saved=None
gui_job=25 elapsed_ms=0
state document=doc-1 revision=0 workspace=0 dirty=false undo=0 redo=0 selected=["object-11"] saved=None
gui_job=26 elapsed_ms=0
state document=doc-1 revision=0 workspace=0 dirty=false undo=0 redo=0 selected=["object-11"] saved=None
gui_job=27 elapsed_ms=0
state document=doc-1 revision=0 workspace=0 dirty=false undo=0 redo=0 selected=["object-8"] saved=None
gui_job=28 elapsed_ms=0
state document=doc-1 revision=0 workspace=0 dirty=false undo=0 redo=0 selected=["object-8"] saved=None
gui_job=29 elapsed_ms=0
state document=doc-1 revision=0 workspace=0 dirty=false undo=0 redo=0 selected=["object-9"] saved=None
gui_job=30 elapsed_ms=0
state document=doc-1 revision=0 workspace=0 dirty=false undo=0 redo=0 selected=["object-9"] saved=None
gui_job=31 elapsed_ms=0
state document=doc-1 revision=0 workspace=0 dirty=false undo=0 redo=0 selected=["object-10"] saved=None
gui_job=32 elapsed_ms=0
state document=doc-1 revision=0 workspace=0 dirty=false undo=0 redo=0 selected=["object-10"] saved=None
gui_job=33 elapsed_ms=0
state document=doc-1 revision=0 workspace=0 dirty=false undo=0 redo=0 selected=["object-1"] saved=None
gui_job=34 elapsed_ms=0
state document=doc-1 revision=0 workspace=0 dirty=false undo=0 redo=0 selected=["object-1"] saved=None
gui_job=35 elapsed_ms=0
display_rebuild=3 document=doc-1 revision=1 ppm=64 blocked=None
state document=doc-1 revision=1 workspace=0 dirty=true undo=1 redo=0 selected=["object-1"] saved=None
gui_job=36 elapsed_ms=0
display_rebuild=4 document=doc-1 revision=2 ppm=64 blocked=None
state document=doc-1 revision=2 workspace=0 dirty=true undo=2 redo=0 selected=["doc-1-generated-object-0"] saved=None
gui_job=37 elapsed_ms=0
display_rebuild=5 document=doc-1 revision=3 ppm=64 blocked=None
state document=doc-1 revision=3 workspace=0 dirty=true undo=3 redo=0 selected=[] saved=None
gui_job=38 elapsed_ms=0
display_rebuild=6 document=doc-1 revision=4 ppm=64 blocked=None
state document=doc-1 revision=4 workspace=0 dirty=true undo=2 redo=1 selected=[] saved=None
gui_job=39 elapsed_ms=8
state document=doc-1 revision=4 workspace=0 dirty=true undo=2 redo=1 selected=[] saved=None
gui_job=40 elapsed_ms=0
state document=doc-1 revision=4 workspace=0 dirty=true undo=2 redo=1 selected=["doc-1-generated-object-0"] saved=None
gui_job=41 elapsed_ms=0
state document=doc-1 revision=4 workspace=0 dirty=true undo=2 redo=1 selected=["doc-1-generated-object-0"] saved=None
gui_job=42 elapsed_ms=0
state document=doc-1 revision=4 workspace=0 dirty=true undo=2 redo=1 selected=["object-1", "doc-1-generated-object-0", "object-2", "object-3", "object-4", "object-5"] saved=None
gui_job=43 elapsed_ms=0
state document=doc-1 revision=4 workspace=0 dirty=true undo=2 redo=1 selected=["object-1", "doc-1-generated-object-0", "object-2", "object-3", "object-4", "object-5"] saved=None
gui_job=44 elapsed_ms=0
state document=doc-1 revision=4 workspace=0 dirty=true undo=2 redo=1 selected=["object-1", "doc-1-generated-object-0", "object-2", "object-3", "object-4", "object-5", "object-6", "object-7", "object-8", "object-9", "object-10", "object-11", "object-12", "object-13"] saved=None
gui_job=45 elapsed_ms=0
state document=doc-1 revision=4 workspace=0 dirty=false undo=2 redo=1 selected=["object-1", "doc-1-generated-object-0", "object-2", "object-3", "object-4", "object-5", "object-6", "object-7", "object-8", "object-9", "object-10", "object-11", "object-12", "object-13"] saved=Some("/Volumes/外接硬盘/rcam/evidence/s2b3-final-20260920/gui/metrics_edited.gbr")
gui_job=46 elapsed_ms=21
display_rebuild=7 document=doc-2 revision=0 ppm=20 blocked=None
state document=doc-2 revision=0 workspace=0 dirty=false undo=0 redo=0 selected=[] saved=None
gui_job=47 elapsed_ms=15
display_rebuild=8 document=doc-2 revision=0 ppm=64 blocked=None
state document=doc-2 revision=0 workspace=0 dirty=false undo=0 redo=0 selected=[] saved=None
gui_job=48 elapsed_ms=0
state document=doc-2 revision=0 workspace=0 dirty=false undo=0 redo=0 selected=[] saved=None
gui_job=49 elapsed_ms=0
state document=doc-2 revision=0 workspace=0 dirty=false undo=0 redo=0 selected=["object-1", "object-2", "object-3", "object-4", "object-5", "object-6", "object-7", "object-8", "object-9", "object-10", "object-11", "object-12", "object-13", "object-14"] saved=None
gui_job=50 elapsed_ms=0
display_rebuild=9 document=doc-3 revision=0 ppm=20 blocked=None
state document=doc-3 revision=0 workspace=0 dirty=false undo=0 redo=0 selected=[] saved=None
gui_job=51 elapsed_ms=25
display_rebuild=10 document=doc-3 revision=0 ppm=64 blocked=None
state document=doc-3 revision=0 workspace=0 dirty=false undo=0 redo=0 selected=[] saved=None
gui_job=52 elapsed_ms=0
display_rebuild=11 document=doc-4 revision=0 ppm=20 blocked=None
state document=doc-4 revision=0 workspace=0 dirty=false undo=0 redo=0 selected=[] saved=None
gui_job=53 elapsed_ms=18
display_rebuild=12 document=doc-4 revision=0 ppm=64 blocked=None
state document=doc-4 revision=0 workspace=0 dirty=false undo=0 redo=0 selected=[] saved=None
gui_job=54 elapsed_ms=0
state document=doc-4 revision=0 workspace=0 dirty=false undo=0 redo=0 selected=[] saved=None
gui_job=55 elapsed_ms=0
state document=doc-4 revision=0 workspace=0 dirty=false undo=0 redo=0 selected=["object-3"] saved=None
gui_job=56 elapsed_ms=0
state document=doc-4 revision=0 workspace=0 dirty=false undo=0 redo=0 selected=["object-3"] saved=None
gui_job=57 elapsed_ms=4
state document=doc-4 revision=0 workspace=0 dirty=false undo=0 redo=0 selected=["object-10"] saved=None
gui_job=58 elapsed_ms=1
state document=doc-4 revision=0 workspace=0 dirty=false undo=0 redo=0 selected=["object-10"] saved=None
gui_job=59 elapsed_ms=0
state document=doc-4 revision=0 workspace=0 dirty=false undo=0 redo=0 selected=["object-11"] saved=None
gui_job=60 elapsed_ms=0
state document=doc-4 revision=0 workspace=0 dirty=false undo=0 redo=0 selected=["object-11"] saved=None
gui_job=61 elapsed_ms=0
state document=doc-4 revision=0 workspace=0 dirty=false undo=0 redo=0 selected=["object-12"] saved=None
gui_job=62 elapsed_ms=0
state document=doc-4 revision=0 workspace=0 dirty=false undo=0 redo=0 selected=["object-12"] saved=None
gui_job=63 elapsed_ms=0
