cargo clippy --workspace --all-targets --locked -- -D warnings
    Checking editor-core v0.1.0 ($WORKSPACE/crates/editor-core)
    Checking gerber-io v0.1.0 ($WORKSPACE/crates/gerber-io)
    Checking editor-service v0.1.0 ($WORKSPACE/crates/editor-service)
    Checking editor-app v0.1.0 ($WORKSPACE/crates/editor-app)
error: for loop over a single element
   --> crates/editor-service/tests/automation_contract.rs:118:5
    |
118 | /     for operation in ["text.create"] {
119 | |         assert!(
120 | |             !capabilities
121 | |                 .supported_operations
...   |
125 | |         );
126 | |     }
    | |_____^
    |
    = help: for further information visit https://rust-lang.github.io/rust-clippy/master/index.html#single_element_loop
    = note: `-D clippy::single-element-loop` implied by `-D warnings`
    = help: to override `-D warnings` add `#[allow(clippy::single_element_loop)]`
help: try
    |
118 ~     {
119 +         let operation = "text.create";
120 +         assert!(
121 +             !capabilities
122 +                 .supported_operations
123 +                 .iter()
124 +                 .any(|item| item == operation),
125 +             "{operation}"
126 +         );
127 +     }
    |

error: could not compile `editor-service` (test "automation_contract") due to 1 previous error
warning: build failed, waiting for other jobs to finish...
