cargo test --workspace --locked
   Compiling editor-core v0.1.0 (<workspace>/crates/editor-core)
   Compiling gerber-io v0.1.0 (<workspace>/crates/gerber-io)
   Compiling editor-service v0.1.0 (<workspace>/crates/editor-service)
   Compiling editor-app v0.1.0 (<workspace>/crates/editor-app)
    Finished `test` profile [unoptimized + debuginfo] target(s) in 6.22s
     Running unittests src/main.rs (target/debug/deps/editor_app-6fdd09612b5f3bc5)

running 5 tests
test gpu_tests::native_gpu_coverage_regressions ... ignored, requires native Metal or DX12 hardware; run explicitly and retain raw output
test gpu_tests::short_line_projection_counterexample ... ok
test gpu_tests::checked_gpu_conversion_refuses_overflow_underflow_and_lost_holes ... ok
test navigation_tests::navigation_hover_and_unowned_release_do_not_pan ... ok
test navigation_tests::navigation_drag_keeps_release_frame_motion_without_double_counting ... ok

test result: ok. 4 passed; 0 failed; 1 ignored; 0 measured; 0 filtered out; finished in 0.01s

     Running unittests src/lib.rs (target/debug/deps/editor_core-abeb892aa662b731)

running 5 tests
test tests::points_are_measured_in_millimetres ... ok
test tests::aperture_hole_is_local_and_does_not_clear_prior_line_model ... ok
test tests::dark_clear_dark_preserves_expected_annuli ... ok
test tests::coincident_arc_overlap_is_rejected_but_complementary_arcs_are_valid ... ok
test tests::macro_outline_propagates_typed_intersection_resource_limit ... ok

test result: ok. 5 passed; 0 failed; 0 ignored; 0 measured; 0 filtered out; finished in 0.16s

     Running tests/review_geometry_regressions.rs (target/debug/deps/review_geometry_regressions-317cf6265964caa8)

running 3 tests
test short_line_endpoint_and_zero_length_follow_capsule_geometry ... ok
test sub_tolerance_hole_is_never_silently_filled ... ok
test unrepresentable_f64_radius_is_explicitly_rejected ... ok

test result: ok. 3 passed; 0 failed; 0 ignored; 0 measured; 0 filtered out; finished in 0.00s

     Running tests/s1a_independent_geometry.rs (target/debug/deps/s1a_independent_geometry-c8e0fb2c3e1ce8ed)

running 11 tests
test curved_region_coverage_is_not_display_tessellation ... ok
test degenerate_backtracking_contour_is_not_a_region ... ok
test nested_independent_contours_are_union_not_a_hole ... ok
test bowtie_is_not_a_valid_region_or_macro_outline ... ok
test full_circle_flag_cannot_hide_invalid_end_point ... ok
test polygon_hole_must_fit_inside_edges_not_just_vertex_circle ... ok
test legal_axis_cutin_creates_only_a_local_hole ... ok
test macro_rotation_moves_off_origin_primitive_centres ... ok
test swept_arcs_include_round_endpoint_caps ... ok
test tiny_local_holes_remain_transparent ... ok
test zero_rectangular_sweep_is_outside_frozen_nonzero_subset ... ok

test result: ok. 11 passed; 0 failed; 0 ignored; 0 measured; 0 filtered out; finished in 0.00s

     Running unittests src/lib.rs (target/debug/deps/editor_service-73cb6f391db779c1)

running 5 tests
test tests::capability_dto_is_json_round_trippable ... ok
test tests::json_boundary_rejects_unknown_versions_operations_and_fields ... ok
test tests::service_returns_real_parser_snapshot_and_analysis ... ok
test tests::duplicate_document_id_is_rejected_without_revision_reset ... ok
test tests::sha256_matches_standard_vectors ... ok

test result: ok. 5 passed; 0 failed; 0 ignored; 0 measured; 0 filtered out; finished in 0.07s

     Running tests/automation_contract.rs (target/debug/deps/automation_contract-df908a7c12e037bb)

running 4 tests
test s1_json_contract_publishes_only_authorized_real_operations ... ok
test s0_json_contract_rejects_unknown_fields_and_unimplemented_edits ... ok
test s1_json_contract_rejects_implicit_authority_and_nested_unknown_fields ... ok
test s0_json_contract_uses_real_parser_and_read_only_snapshot ... ok

test result: ok. 4 passed; 0 failed; 0 ignored; 0 measured; 0 filtered out; finished in 0.01s

     Running tests/dependency_boundary.rs (target/debug/deps/dependency_boundary-c7997fce7e532041)

running 2 tests
test dependency_gate_rejects_window_gpu_dialog_and_unknown_crates ... ok
test service_normal_dependency_gate ... ok

test result: ok. 2 passed; 0 failed; 0 ignored; 0 measured; 0 filtered out; finished in 0.10s

     Running tests/headless_workflow.rs (target/debug/deps/headless_workflow-414f95a829973fd4)

running 2 tests
test real_headless_open_query_export_reopen_preserves_source ... ok
test metadata_policy_requires_confirmation_then_accepts_explicit_drop_list ... ok

test result: ok. 2 passed; 0 failed; 0 ignored; 0 measured; 0 filtered out; finished in 0.02s

     Running tests/historical_audit.rs (target/debug/deps/historical_audit-80931f49762eb857)

running 1 test
test historical_35_checks ... ok

test result: ok. 1 passed; 0 failed; 0 ignored; 0 measured; 0 filtered out; finished in 0.02s

     Running tests/review_service_regressions.rs (target/debug/deps/review_service_regressions-53c2caa73750b738)

running 6 tests
test malformed_json_has_null_id_and_decode_location ... ok
test capabilities_publish_actual_budgets_only_four_read_only_operations ... ok
test failures_echo_request_id_in_a_uniform_response ... ok
test strict_envelope_types_fields_and_ambiguous_ids_are_rejected ... ok
test resource_limits_report_kind_limit_actual_and_preserve_document ... ok
test exact_resource_boundaries_remain_usable ... ok

test result: ok. 6 passed; 0 failed; 0 ignored; 0 measured; 0 filtered out; finished in 0.63s

     Running tests/s0c_scope_boundary.rs (target/debug/deps/s0c_scope_boundary-9e39de6fcf9a6b60)

running 1 test
test scope_fixtures_preserve_fail_closed_service_boundary ... ok

test result: ok. 1 passed; 0 failed; 0 ignored; 0 measured; 0 filtered out; finished in 0.01s

     Running tests/s1a1_arcs.rs (target/debug/deps/s1a1_arcs-b9b0f4dd93329f8f)

running 6 tests
test capabilities_describe_tested_arc_boundaries ... ok
test g74_roundoff_at_large_origin_and_real_over_quarter_are_distinct ... ok
test source_resolution_and_declared_center_survive_units_and_normalization ... ok
test region_fuzziness_and_quantization_fail_closed ... ok
test isolated_fuzzy_region_uses_a_verified_circle_inside_the_annulus ... ok
test public_arc_fixture_truth_and_reopen ... ok

test result: ok. 6 passed; 0 failed; 0 ignored; 0 measured; 0 filtered out; finished in 0.03s

     Running tests/s1a_independent.rs (target/debug/deps/s1a_independent-fb1c947527d3b50d)

running 2 tests
test independent_service_permissions_conflicts_and_cursor_isolation ... ok
test public_truth_opens_or_rejects_and_normalizes_without_source_writes ... ok

test result: ok. 2 passed; 0 failed; 0 ignored; 0 measured; 0 filtered out; finished in 0.25s

     Running tests/s1a_semantic_truth.rs (target/debug/deps/s1a_semantic_truth-bbed99524bab8da6)

running 24 tests
test frozen_core10_semantic_scan ... ignored, requires locally authorized frozen CORE10 manifest; explicit run only
test incremental_io_is_applied_once ... ok
test first_incremental_missing_axis_is_zero ... ok
test incremental_trailing_arc_offsets_are_not_reinterpreted_or_accumulated ... ok
test g74_least_deviation_and_zero_sweep_are_accepted ... ok
test macro_expansion_budget_is_global_across_apertures ... ok
test all_frozen_formats_decode_digits_and_signs ... ok
test omitted_absolute_axis_preserves_exact_mm_value_after_inch_offset ... ok
test ordinary_comment_may_span_physical_lines ... ok
test macro_expression_recursion_is_bounded_including_unary_operators ... ok
test legacy_empty_separators_packed_headers_and_multiline_macro_are_supported ... ok
test resource_limits_are_checked_at_each_input_expansion_boundary ... ok
test trailing_incremental_full_circle_reencodes_offset_only_record ... ok
test writer_and_validation_copy_have_separate_resource_limits ... ok
test source_metadata_is_preserved_as_diagnostics ... ok
test original_apertures_arcs_and_rectangular_sweeps_have_known_geometry ... ok
test parameterized_macro_uses_real_ad_arguments ... ok
test unbound_template_parameter_does_not_hide_invalid_constant_primitive ... ok
test writer_comparison_does_not_relax_to_old_input_resolution ... ok
test writer_preserves_transform_precision_in_physical_space ... ok
test writer_declares_multi_quadrant_for_region_arcs ... ok
test writer_failure_preserves_preexisting_temporary_and_target_files ... ok
test original_eighteen_scope_inputs_have_actual_semantics ... ok
test independent_source_geometry_and_rejection_truth ... ok

test result: ok. 23 passed; 0 failed; 1 ignored; 0 measured; 0 filtered out; finished in 0.06s

     Running unittests src/lib.rs (target/debug/deps/gerber_io-5d8c4d12b03bf568)

running 4 tests
test tests::parser_rejects_duplicate_modal_headers ... ok
test tests::parser_rejects_scientific_aperture_numbers ... ok
test tests::parser_rejects_m99_and_trailing_content_even_if_upstream_misparses_it ... ok
test tests::parser_adapter_reads_strict_circle_flash_fixture ... ok

test result: ok. 4 passed; 0 failed; 0 ignored; 0 measured; 0 filtered out; finished in 0.01s

     Running tests/review_parser_regressions.rs (target/debug/deps/review_parser_regressions-1d90c6664a62307f)

running 2 tests
test first_flash_without_coordinates_is_rejected ... ok
test repeated_flash_keeps_modal_position_aperture_polarity_and_order ... ok

test result: ok. 2 passed; 0 failed; 0 ignored; 0 measured; 0 filtered out; finished in 0.01s

     Running tests/s1_adapter.rs (target/debug/deps/s1_adapter-a0969c71a76ddfca)

running 5 tests
test tokenizes_multiple_commands_on_one_line ... ok
test rejects_aperture_use_before_definition ... ok
test rejects_self_intersecting_unused_macro ... ok
test scans_unused_macro_definitions ... ok
test writer_uses_local_macro_definition_and_honors_budget ... ok

test result: ok. 5 passed; 0 failed; 0 ignored; 0 measured; 0 filtered out; finished in 0.01s

   Doc-tests editor_core

running 0 tests

test result: ok. 0 passed; 0 failed; 0 ignored; 0 measured; 0 filtered out; finished in 0.00s

   Doc-tests editor_service

running 0 tests

test result: ok. 0 passed; 0 failed; 0 ignored; 0 measured; 0 filtered out; finished in 0.00s

   Doc-tests gerber_io

running 0 tests

test result: ok. 0 passed; 0 failed; 0 ignored; 0 measured; 0 filtered out; finished in 0.00s

